Component: ARM Compiler 5.06 update 5 (build 528) Tool: armlink [4d35e2]

==============================================================================

Section Cross References

    startup_stm32f10x_md.o(RESET) refers to startup_stm32f10x_md.o(STACK) for __initial_sp
    startup_stm32f10x_md.o(RESET) refers to startup_stm32f10x_md.o(.text) for Reset_Handler
    startup_stm32f10x_md.o(RESET) refers to stm32f10x_it.o(.text) for NMI_Handler
    startup_stm32f10x_md.o(RESET) refers to encoder.o(.text) for EXTI0_IRQHandler
    startup_stm32f10x_md.o(RESET) refers to timer.o(.text) for TIM2_IRQHandler
    startup_stm32f10x_md.o(RESET) refers to serial.o(.text) for USART1_IRQHandler
    startup_stm32f10x_md.o(RESET) refers to countsenser.o(.text) for EXTI15_10_IRQHandler
    startup_stm32f10x_md.o(.text) refers to system_stm32f10x.o(.text) for SystemInit
    startup_stm32f10x_md.o(.text) refers to entry.o(.ARM.Collect$$$$00000000) for __main
    system_stm32f10x.o(.text) refers to system_stm32f10x.o(.data) for SystemCoreClock
    main.o(.text) refers to oled.o(.text) for OLED_Init
    main.o(.text) refers to led.o(.text) for LED_Init
    main.o(.text) refers to serial.o(.text) for Serial_Init
    stm32f10x_adc.o(.text) refers to stm32f10x_rcc.o(.text) for RCC_APB2PeriphResetCmd
    stm32f10x_bkp.o(.text) refers to stm32f10x_rcc.o(.text) for RCC_BackupResetCmd
    stm32f10x_can.o(.text) refers to stm32f10x_rcc.o(.text) for RCC_APB1PeriphResetCmd
    stm32f10x_cec.o(.text) refers to stm32f10x_rcc.o(.text) for RCC_APB1PeriphResetCmd
    stm32f10x_dac.o(.text) refers to stm32f10x_rcc.o(.text) for RCC_APB1PeriphResetCmd
    stm32f10x_gpio.o(.text) refers to stm32f10x_rcc.o(.text) for RCC_APB2PeriphResetCmd
    stm32f10x_i2c.o(.text) refers to stm32f10x_rcc.o(.text) for RCC_APB1PeriphResetCmd
    stm32f10x_pwr.o(.text) refers to stm32f10x_rcc.o(.text) for RCC_APB1PeriphResetCmd
    stm32f10x_rcc.o(.text) refers to stm32f10x_rcc.o(.data) for APBAHBPrescTable
    stm32f10x_spi.o(.text) refers to stm32f10x_rcc.o(.text) for RCC_APB2PeriphResetCmd
    stm32f10x_tim.o(.text) refers to stm32f10x_rcc.o(.text) for RCC_APB2PeriphResetCmd
    stm32f10x_usart.o(.text) refers to stm32f10x_rcc.o(.text) for RCC_APB2PeriphResetCmd
    stm32f10x_wwdg.o(.text) refers to stm32f10x_rcc.o(.text) for RCC_APB1PeriphResetCmd
    timer.o(.text) refers to stm32f10x_rcc.o(.text) for RCC_APB1PeriphClockCmd
    timer.o(.text) refers to stm32f10x_gpio.o(.text) for GPIO_Init
    timer.o(.text) refers to stm32f10x_tim.o(.text) for TIM_ETRClockMode2Config
    timer.o(.text) refers to misc.o(.text) for NVIC_PriorityGroupConfig
    timer.o(.text) refers to timer.o(.data) for Num
    led.o(.text) refers to stm32f10x_rcc.o(.text) for RCC_APB2PeriphClockCmd
    led.o(.text) refers to stm32f10x_gpio.o(.text) for GPIO_Init
    key.o(.text) refers to stm32f10x_rcc.o(.text) for RCC_APB2PeriphClockCmd
    key.o(.text) refers to stm32f10x_gpio.o(.text) for GPIO_Init
    key.o(.text) refers to delay.o(.text) for Delay_ms
    buzzer.o(.text) refers to stm32f10x_rcc.o(.text) for RCC_APB2PeriphClockCmd
    buzzer.o(.text) refers to stm32f10x_gpio.o(.text) for GPIO_Init
    lightsenser.o(.text) refers to stm32f10x_rcc.o(.text) for RCC_APB2PeriphClockCmd
    lightsenser.o(.text) refers to stm32f10x_gpio.o(.text) for GPIO_Init
    countsenser.o(.text) refers to stm32f10x_rcc.o(.text) for RCC_APB2PeriphClockCmd
    countsenser.o(.text) refers to stm32f10x_gpio.o(.text) for GPIO_Init
    countsenser.o(.text) refers to stm32f10x_exti.o(.text) for EXTI_Init
    countsenser.o(.text) refers to misc.o(.text) for NVIC_PriorityGroupConfig
    countsenser.o(.text) refers to delay.o(.text) for Delay_ms
    countsenser.o(.text) refers to countsenser.o(.data) for CountSenser_Count
    encoder.o(.text) refers to stm32f10x_rcc.o(.text) for RCC_APB2PeriphClockCmd
    encoder.o(.text) refers to stm32f10x_gpio.o(.text) for GPIO_Init
    encoder.o(.text) refers to stm32f10x_exti.o(.text) for EXTI_Init
    encoder.o(.text) refers to misc.o(.text) for NVIC_PriorityGroupConfig
    encoder.o(.text) refers to encoder.o(.data) for Encoder_Count
    pwm.o(.text) refers to stm32f10x_rcc.o(.text) for RCC_APB1PeriphClockCmd
    pwm.o(.text) refers to stm32f10x_gpio.o(.text) for GPIO_Init
    pwm.o(.text) refers to stm32f10x_tim.o(.text) for TIM_InternalClockConfig
    ic.o(.text) refers to stm32f10x_rcc.o(.text) for RCC_APB1PeriphClockCmd
    ic.o(.text) refers to stm32f10x_gpio.o(.text) for GPIO_Init
    ic.o(.text) refers to stm32f10x_tim.o(.text) for TIM_InternalClockConfig
    ei.o(.text) refers to stm32f10x_rcc.o(.text) for RCC_APB1PeriphClockCmd
    ei.o(.text) refers to stm32f10x_gpio.o(.text) for GPIO_Init
    ei.o(.text) refers to stm32f10x_tim.o(.text) for TIM_TimeBaseInit
    serial.o(.text) refers to stm32f10x_rcc.o(.text) for RCC_APB2PeriphClockCmd
    serial.o(.text) refers to stm32f10x_gpio.o(.text) for GPIO_Init
    serial.o(.text) refers to stm32f10x_usart.o(.text) for USART_Init
    serial.o(.text) refers to misc.o(.text) for NVIC_PriorityGroupConfig
    serial.o(.text) refers to printfa.o(i.__0vsprintf) for vsprintf
    serial.o(.text) refers to serial.o(.data) for RxState
    serial.o(.text) refers to serial.o(.bss) for Serial_RxPacket
    oled.o(.text) refers to stm32f10x_gpio.o(.text) for GPIO_WriteBit
    oled.o(.text) refers to stm32f10x_rcc.o(.text) for RCC_APB2PeriphClockCmd
    oled.o(.text) refers to dflti.o(.text) for __aeabi_i2d
    oled.o(.text) refers to atan2.o(i.atan2) for atan2
    oled.o(.text) refers to ddiv.o(.text) for __aeabi_ddiv
    oled.o(.text) refers to dmul.o(.text) for __aeabi_dmul
    oled.o(.text) refers to dfixi.o(.text) for __aeabi_d2iz
    oled.o(.text) refers to oled.o(.bss) for OLED_DisplayBuf
    oled.o(.text) refers to strcmp.o(.text) for strcmp
    oled.o(.text) refers to oled_data.o(.constdata) for OLED_F8x16
    oled.o(.text) refers to cdrcmple.o(.text) for __aeabi_cdrcmple
    oled.o(.text) refers to dfixui.o(.text) for __aeabi_d2uiz
    oled.o(.text) refers to dfltui.o(.text) for __aeabi_ui2d
    oled.o(.text) refers to dadd.o(.text) for __aeabi_drsub
    oled.o(.text) refers to round.o(i.round) for round
    oled.o(.text) refers to printfa.o(i.__0vsprintf) for vsprintf
    oled.o(.text) refers to d2f.o(.text) for __aeabi_d2f
    oled.o(.text) refers to cfcmple.o(.text) for __aeabi_cfcmple
    oled.o(.text) refers to fflti.o(.text) for __aeabi_i2f
    oled.o(.text) refers to fadd.o(.text) for __aeabi_fadd
    oled.o(.text) refers to cdcmple.o(.text) for __aeabi_cdcmple
    atan2.o(i.__softfp_atan2) refers (Special) to iusefp.o(.text) for __I$use$fp
    atan2.o(i.__softfp_atan2) refers to atan2.o(i.atan2) for atan2
    atan2.o(i.atan2) refers (Special) to iusefp.o(.text) for __I$use$fp
    atan2.o(i.atan2) refers to dunder.o(i.__mathlib_dbl_infnan2) for __mathlib_dbl_infnan2
    atan2.o(i.atan2) refers to atan.o(i.atan) for atan
    atan2.o(i.atan2) refers to ddiv.o(.text) for __aeabi_ddiv
    atan2.o(i.atan2) refers to dadd.o(.text) for __aeabi_dsub
    atan2.o(i.atan2) refers to qnan.o(.constdata) for __mathlib_zero
    atan2_x.o(i.____softfp_atan2$lsc) refers (Special) to iusefp.o(.text) for __I$use$fp
    atan2_x.o(i.____softfp_atan2$lsc) refers to atan2_x.o(i.__atan2$lsc) for __atan2$lsc
    atan2_x.o(i.__atan2$lsc) refers (Special) to iusefp.o(.text) for __I$use$fp
    atan2_x.o(i.__atan2$lsc) refers to dunder.o(i.__mathlib_dbl_infnan2) for __mathlib_dbl_infnan2
    atan2_x.o(i.__atan2$lsc) refers to atan.o(i.atan) for atan
    atan2_x.o(i.__atan2$lsc) refers to errno.o(i.__set_errno) for __set_errno
    atan2_x.o(i.__atan2$lsc) refers to ddiv.o(.text) for __aeabi_ddiv
    atan2_x.o(i.__atan2$lsc) refers to dadd.o(.text) for __aeabi_dsub
    atan2_x.o(i.__atan2$lsc) refers to qnan.o(.constdata) for __mathlib_zero
    round.o(i.round) refers (Special) to iusefp.o(.text) for __I$use$fp
    round.o(i.round) refers to drnd.o(.text) for _drnd
    round.o(i.round) refers to dadd.o(.text) for __aeabi_drsub
    round.o(i.round) refers to cdcmple.o(.text) for __aeabi_cdcmple
    round.o(i.round) refers to cdrcmple.o(.text) for __aeabi_cdrcmple
    entry.o(.ARM.Collect$$$$00000000) refers (Special) to entry10a.o(.ARM.Collect$$$$0000000D) for __rt_final_cpp
    entry.o(.ARM.Collect$$$$00000000) refers (Special) to entry11a.o(.ARM.Collect$$$$0000000F) for __rt_final_exit
    entry.o(.ARM.Collect$$$$00000000) refers (Special) to entry7b.o(.ARM.Collect$$$$00000008) for _main_clock
    entry.o(.ARM.Collect$$$$00000000) refers (Special) to entry8b.o(.ARM.Collect$$$$0000000A) for _main_cpp_init
    entry.o(.ARM.Collect$$$$00000000) refers (Special) to entry9a.o(.ARM.Collect$$$$0000000B) for _main_init
    entry.o(.ARM.Collect$$$$00000000) refers (Special) to entry5.o(.ARM.Collect$$$$00000004) for _main_scatterload
    entry.o(.ARM.Collect$$$$00000000) refers (Special) to entry2.o(.ARM.Collect$$$$00000001) for _main_stk
    printfa.o(i.__0fprintf) refers (Special) to iusefp.o(.text) for __I$use$fp
    printfa.o(i.__0fprintf) refers to printfa.o(i._printf_core) for _printf_core
    printfa.o(i.__0fprintf) refers to serial.o(.text) for fputc
    printfa.o(i.__0printf) refers (Special) to iusefp.o(.text) for __I$use$fp
    printfa.o(i.__0printf) refers to printfa.o(i._printf_core) for _printf_core
    printfa.o(i.__0printf) refers to serial.o(.text) for fputc
    printfa.o(i.__0printf) refers to stdout.o(.data) for __stdout
    printfa.o(i.__0snprintf) refers (Special) to iusefp.o(.text) for __I$use$fp
    printfa.o(i.__0snprintf) refers to printfa.o(i._printf_core) for _printf_core
    printfa.o(i.__0snprintf) refers to printfa.o(i._snputc) for _snputc
    printfa.o(i.__0sprintf) refers (Special) to iusefp.o(.text) for __I$use$fp
    printfa.o(i.__0sprintf) refers to printfa.o(i._printf_core) for _printf_core
    printfa.o(i.__0sprintf) refers to printfa.o(i._sputc) for _sputc
    printfa.o(i.__0vfprintf) refers (Special) to iusefp.o(.text) for __I$use$fp
    printfa.o(i.__0vfprintf) refers to printfa.o(i._printf_core) for _printf_core
    printfa.o(i.__0vfprintf) refers to serial.o(.text) for fputc
    printfa.o(i.__0vprintf) refers (Special) to iusefp.o(.text) for __I$use$fp
    printfa.o(i.__0vprintf) refers to printfa.o(i._printf_core) for _printf_core
    printfa.o(i.__0vprintf) refers to serial.o(.text) for fputc
    printfa.o(i.__0vprintf) refers to stdout.o(.data) for __stdout
    printfa.o(i.__0vsnprintf) refers (Special) to iusefp.o(.text) for __I$use$fp
    printfa.o(i.__0vsnprintf) refers to printfa.o(i._printf_core) for _printf_core
    printfa.o(i.__0vsnprintf) refers to printfa.o(i._snputc) for _snputc
    printfa.o(i.__0vsprintf) refers (Special) to iusefp.o(.text) for __I$use$fp
    printfa.o(i.__0vsprintf) refers to printfa.o(i._printf_core) for _printf_core
    printfa.o(i.__0vsprintf) refers to printfa.o(i._sputc) for _sputc
    printfa.o(i._fp_digits) refers (Special) to iusefp.o(.text) for __I$use$fp
    printfa.o(i._fp_digits) refers to dmul.o(.text) for __aeabi_dmul
    printfa.o(i._fp_digits) refers to ddiv.o(.text) for __aeabi_ddiv
    printfa.o(i._fp_digits) refers to cdrcmple.o(.text) for __aeabi_cdrcmple
    printfa.o(i._fp_digits) refers to dadd.o(.text) for __aeabi_dadd
    printfa.o(i._fp_digits) refers to dfixul.o(.text) for __aeabi_d2ulz
    printfa.o(i._fp_digits) refers to uldiv.o(.text) for __aeabi_uldivmod
    printfa.o(i._printf_core) refers (Special) to iusefp.o(.text) for __I$use$fp
    printfa.o(i._printf_core) refers to printfa.o(i._printf_pre_padding) for _printf_pre_padding
    printfa.o(i._printf_core) refers to uldiv.o(.text) for __aeabi_uldivmod
    printfa.o(i._printf_core) refers to printfa.o(i._printf_post_padding) for _printf_post_padding
    printfa.o(i._printf_core) refers to printfa.o(i._fp_digits) for _fp_digits
    printfa.o(i._printf_core) refers to uidiv.o(.text) for __aeabi_uidivmod
    printfa.o(i._printf_post_padding) refers (Special) to iusefp.o(.text) for __I$use$fp
    printfa.o(i._printf_pre_padding) refers (Special) to iusefp.o(.text) for __I$use$fp
    printfa.o(i._snputc) refers (Special) to iusefp.o(.text) for __I$use$fp
    printfa.o(i._sputc) refers (Special) to iusefp.o(.text) for __I$use$fp
    fadd.o(.text) refers (Special) to iusefp.o(.text) for __I$use$fp
    fadd.o(.text) refers to fepilogue.o(.text) for _float_epilogue
    dadd.o(.text) refers (Special) to iusefp.o(.text) for __I$use$fp
    dadd.o(.text) refers to llshl.o(.text) for __aeabi_llsl
    dadd.o(.text) refers to llsshr.o(.text) for __aeabi_lasr
    dadd.o(.text) refers to depilogue.o(.text) for _double_epilogue
    dmul.o(.text) refers (Special) to iusefp.o(.text) for __I$use$fp
    dmul.o(.text) refers to depilogue.o(.text) for _double_epilogue
    ddiv.o(.text) refers (Special) to iusefp.o(.text) for __I$use$fp
    ddiv.o(.text) refers to depilogue.o(.text) for _double_round
    fflti.o(.text) refers (Special) to iusefp.o(.text) for __I$use$fp
    fflti.o(.text) refers to fepilogue.o(.text) for _float_epilogue
    dflti.o(.text) refers (Special) to iusefp.o(.text) for __I$use$fp
    dflti.o(.text) refers to depilogue.o(.text) for _double_epilogue
    dfltui.o(.text) refers (Special) to iusefp.o(.text) for __I$use$fp
    dfltui.o(.text) refers to depilogue.o(.text) for _double_epilogue
    dfixi.o(.text) refers (Special) to iusefp.o(.text) for __I$use$fp
    dfixi.o(.text) refers to llushr.o(.text) for __aeabi_llsr
    dfixui.o(.text) refers (Special) to iusefp.o(.text) for __I$use$fp
    dfixui.o(.text) refers to llushr.o(.text) for __aeabi_llsr
    cdcmple.o(.text) refers (Special) to iusefp.o(.text) for __I$use$fp
    cdrcmple.o(.text) refers (Special) to iusefp.o(.text) for __I$use$fp
    d2f.o(.text) refers (Special) to iusefp.o(.text) for __I$use$fp
    d2f.o(.text) refers to fepilogue.o(.text) for _float_round
    cfcmple.o(.text) refers (Special) to iusefp.o(.text) for __I$use$fp
    atan.o(i.__softfp_atan) refers (Special) to iusefp.o(.text) for __I$use$fp
    atan.o(i.__softfp_atan) refers to atan.o(i.atan) for atan
    atan.o(i.atan) refers (Special) to iusefp.o(.text) for __I$use$fp
    atan.o(i.atan) refers to dunder.o(i.__mathlib_dbl_infnan) for __mathlib_dbl_infnan
    atan.o(i.atan) refers to fpclassify.o(i.__ARM_fpclassify) for __ARM_fpclassify
    atan.o(i.atan) refers to dunder.o(i.__mathlib_dbl_underflow) for __mathlib_dbl_underflow
    atan.o(i.atan) refers to dadd.o(.text) for __aeabi_dadd
    atan.o(i.atan) refers to dscalb.o(.text) for __ARM_scalbn
    atan.o(i.atan) refers to ddiv.o(.text) for __aeabi_ddiv
    atan.o(i.atan) refers to dmul.o(.text) for __aeabi_dmul
    atan.o(i.atan) refers to poly.o(i.__kernel_poly) for __kernel_poly
    atan.o(i.atan) refers to atan.o(.constdata) for .constdata
    atan.o(.constdata) refers (Special) to iusefp.o(.text) for __I$use$fp
    atan_x.o(i.____softfp_atan$lsc) refers (Special) to iusefp.o(.text) for __I$use$fp
    atan_x.o(i.____softfp_atan$lsc) refers to atan_x.o(i.__atan$lsc) for __atan$lsc
    atan_x.o(i.__atan$lsc) refers (Special) to iusefp.o(.text) for __I$use$fp
    atan_x.o(i.__atan$lsc) refers to dunder.o(i.__mathlib_dbl_infnan) for __mathlib_dbl_infnan
    atan_x.o(i.__atan$lsc) refers to dadd.o(.text) for __aeabi_dadd
    atan_x.o(i.__atan$lsc) refers to dscalb.o(.text) for __ARM_scalbn
    atan_x.o(i.__atan$lsc) refers to ddiv.o(.text) for __aeabi_ddiv
    atan_x.o(i.__atan$lsc) refers to dmul.o(.text) for __aeabi_dmul
    atan_x.o(i.__atan$lsc) refers to poly.o(i.__kernel_poly) for __kernel_poly
    atan_x.o(i.__atan$lsc) refers to atan_x.o(.constdata) for .constdata
    atan_x.o(.constdata) refers (Special) to iusefp.o(.text) for __I$use$fp
    dunder.o(i.__mathlib_dbl_divzero) refers to ddiv.o(.text) for __aeabi_ddiv
    dunder.o(i.__mathlib_dbl_infnan) refers to dscalb.o(.text) for __ARM_scalbn
    dunder.o(i.__mathlib_dbl_infnan2) refers to dadd.o(.text) for __aeabi_dadd
    dunder.o(i.__mathlib_dbl_invalid) refers to ddiv.o(.text) for __aeabi_ddiv
    dunder.o(i.__mathlib_dbl_overflow) refers to dscalb.o(.text) for __ARM_scalbn
    dunder.o(i.__mathlib_dbl_posinfnan) refers to dmul.o(.text) for __aeabi_dmul
    dunder.o(i.__mathlib_dbl_underflow) refers to dscalb.o(.text) for __ARM_scalbn
    qnan.o(.constdata) refers (Special) to iusefp.o(.text) for __I$use$fp
    entry2.o(.ARM.Collect$$$$00000001) refers to entry2.o(.ARM.Collect$$$$00002712) for __lit__00000000
    entry2.o(.ARM.Collect$$$$00002712) refers to startup_stm32f10x_md.o(STACK) for __initial_sp
    entry2.o(__vectab_stack_and_reset_area) refers to startup_stm32f10x_md.o(STACK) for __initial_sp
    entry2.o(__vectab_stack_and_reset_area) refers to entry.o(.ARM.Collect$$$$00000000) for __main
    entry5.o(.ARM.Collect$$$$00000004) refers to init.o(.text) for __scatterload
    entry9a.o(.ARM.Collect$$$$0000000B) refers to main.o(.text) for main
    entry9b.o(.ARM.Collect$$$$0000000C) refers to main.o(.text) for main
    uldiv.o(.text) refers to llushr.o(.text) for __aeabi_llsr
    uldiv.o(.text) refers to llshl.o(.text) for __aeabi_llsl
    errno.o(i.__aeabi_errno_addr) refers to errno.o(.data) for .data
    errno.o(i.__read_errno) refers to errno.o(.data) for .data
    errno.o(i.__set_errno) refers to errno.o(.data) for .data
    depilogue.o(.text) refers to llshl.o(.text) for __aeabi_llsl
    depilogue.o(.text) refers to llushr.o(.text) for __aeabi_llsr
    drnd.o(.text) refers to llshl.o(.text) for __aeabi_llsl
    drnd.o(.text) refers to llushr.o(.text) for __aeabi_llsr
    drnd.o(.text) refers to depilogue.o(.text) for _double_round
    dfixul.o(.text) refers to llushr.o(.text) for __aeabi_llsr
    dfixul.o(.text) refers to llshl.o(.text) for __aeabi_llsl
    fpclassify.o(i.__ARM_fpclassify) refers (Special) to iusefp.o(.text) for __I$use$fp
    poly.o(i.__kernel_poly) refers (Special) to iusefp.o(.text) for __I$use$fp
    poly.o(i.__kernel_poly) refers to dmul.o(.text) for __aeabi_dmul
    poly.o(i.__kernel_poly) refers to dadd.o(.text) for __aeabi_dadd
    init.o(.text) refers to entry5.o(.ARM.Collect$$$$00000004) for __main_after_scatterload


==============================================================================

Removing Unused input sections from the image.

    Removing startup_stm32f10x_md.o(HEAP), (512 bytes).
    Removing core_cm3.o(.emb_text), (32 bytes).
    Removing stm32f10x_adc.o(.text), (1102 bytes).
    Removing stm32f10x_bkp.o(.text), (196 bytes).
    Removing stm32f10x_can.o(.text), (2544 bytes).
    Removing stm32f10x_cec.o(.text), (288 bytes).
    Removing stm32f10x_crc.o(.text), (72 bytes).
    Removing stm32f10x_dac.o(.text), (396 bytes).
    Removing stm32f10x_dbgmcu.o(.text), (48 bytes).
    Removing stm32f10x_dma.o(.text), (596 bytes).
    Removing stm32f10x_flash.o(.text), (1468 bytes).
    Removing stm32f10x_fsmc.o(.text), (1548 bytes).
    Removing stm32f10x_i2c.o(.text), (1028 bytes).
    Removing stm32f10x_iwdg.o(.text), (64 bytes).
    Removing stm32f10x_pwr.o(.text), (204 bytes).
    Removing stm32f10x_rtc.o(.text), (328 bytes).
    Removing stm32f10x_sdio.o(.text), (468 bytes).
    Removing stm32f10x_spi.o(.text), (780 bytes).
    Removing stm32f10x_wwdg.o(.text), (136 bytes).
    Removing key.o(.text), (132 bytes).
    Removing buzzer.o(.text), (120 bytes).
    Removing lightsenser.o(.text), (68 bytes).
    Removing pwm.o(.text), (184 bytes).
    Removing ic.o(.text), (220 bytes).
    Removing ei.o(.text), (184 bytes).

25 unused section(s) (total 12718 bytes) removed from the image.

==============================================================================

Image Symbol Table

    Local Symbols

    Symbol Name                              Value     Ov Type        Size  Object(Section)

    ../clib/microlib/division.c              0x00000000   Number         0  uidiv.o ABSOLUTE
    ../clib/microlib/division.c              0x00000000   Number         0  uldiv.o ABSOLUTE
    ../clib/microlib/errno.c                 0x00000000   Number         0  errno.o ABSOLUTE
    ../clib/microlib/init/entry.s            0x00000000   Number         0  entry10b.o ABSOLUTE
    ../clib/microlib/init/entry.s            0x00000000   Number         0  entry7b.o ABSOLUTE
    ../clib/microlib/init/entry.s            0x00000000   Number         0  entry8a.o ABSOLUTE
    ../clib/microlib/init/entry.s            0x00000000   Number         0  entry8b.o ABSOLUTE
    ../clib/microlib/init/entry.s            0x00000000   Number         0  entry9b.o ABSOLUTE
    ../clib/microlib/init/entry.s            0x00000000   Number         0  entry2.o ABSOLUTE
    ../clib/microlib/init/entry.s            0x00000000   Number         0  entry10a.o ABSOLUTE
    ../clib/microlib/init/entry.s            0x00000000   Number         0  entry.o ABSOLUTE
    ../clib/microlib/init/entry.s            0x00000000   Number         0  entry9a.o ABSOLUTE
    ../clib/microlib/init/entry.s            0x00000000   Number         0  entry11a.o ABSOLUTE
    ../clib/microlib/init/entry.s            0x00000000   Number         0  entry11b.o ABSOLUTE
    ../clib/microlib/init/entry.s            0x00000000   Number         0  entry7a.o ABSOLUTE
    ../clib/microlib/init/entry.s            0x00000000   Number         0  entry5.o ABSOLUTE
    ../clib/microlib/longlong.c              0x00000000   Number         0  llushr.o ABSOLUTE
    ../clib/microlib/longlong.c              0x00000000   Number         0  llsshr.o ABSOLUTE
    ../clib/microlib/longlong.c              0x00000000   Number         0  llshl.o ABSOLUTE
    ../clib/microlib/printf/printf.c         0x00000000   Number         0  printfa.o ABSOLUTE
    ../clib/microlib/stdio/streams.c         0x00000000   Number         0  stdout.o ABSOLUTE
    ../clib/microlib/string/strcmp.c         0x00000000   Number         0  strcmp.o ABSOLUTE
    ../clib/microlib/stubs.s                 0x00000000   Number         0  iusefp.o ABSOLUTE
    ../fplib/microlib/d2f.c                  0x00000000   Number         0  d2f.o ABSOLUTE
    ../fplib/microlib/fpadd.c                0x00000000   Number         0  fadd.o ABSOLUTE
    ../fplib/microlib/fpadd.c                0x00000000   Number         0  dadd.o ABSOLUTE
    ../fplib/microlib/fpdiv.c                0x00000000   Number         0  ddiv.o ABSOLUTE
    ../fplib/microlib/fpepilogue.c           0x00000000   Number         0  depilogue.o ABSOLUTE
    ../fplib/microlib/fpepilogue.c           0x00000000   Number         0  fepilogue.o ABSOLUTE
    ../fplib/microlib/fpfix.c                0x00000000   Number         0  dfixul.o ABSOLUTE
    ../fplib/microlib/fpfix.c                0x00000000   Number         0  dfixui.o ABSOLUTE
    ../fplib/microlib/fpfix.c                0x00000000   Number         0  dfixi.o ABSOLUTE
    ../fplib/microlib/fpflt.c                0x00000000   Number         0  dflti.o ABSOLUTE
    ../fplib/microlib/fpflt.c                0x00000000   Number         0  dfltui.o ABSOLUTE
    ../fplib/microlib/fpflt.c                0x00000000   Number         0  fflti.o ABSOLUTE
    ../fplib/microlib/fpmul.c                0x00000000   Number         0  dmul.o ABSOLUTE
    ../fplib/microlib/fprnd.c                0x00000000   Number         0  drnd.o ABSOLUTE
    ../fplib/microlib/fpscalb.c              0x00000000   Number         0  dscalb.o ABSOLUTE
    ../mathlib/atan.c                        0x00000000   Number         0  atan.o ABSOLUTE
    ../mathlib/atan.c                        0x00000000   Number         0  atan_x.o ABSOLUTE
    ../mathlib/atan2.c                       0x00000000   Number         0  atan2_x.o ABSOLUTE
    ../mathlib/atan2.c                       0x00000000   Number         0  atan2.o ABSOLUTE
    ../mathlib/dunder.c                      0x00000000   Number         0  dunder.o ABSOLUTE
    ../mathlib/fpclassify.c                  0x00000000   Number         0  fpclassify.o ABSOLUTE
    ../mathlib/poly.c                        0x00000000   Number         0  poly.o ABSOLUTE
    ../mathlib/qnan.c                        0x00000000   Number         0  qnan.o ABSOLUTE
    ../mathlib/round.c                       0x00000000   Number         0  round.o ABSOLUTE
    Hardware\Buzzer.c                        0x00000000   Number         0  buzzer.o ABSOLUTE
    Hardware\EI.c                            0x00000000   Number         0  ei.o ABSOLUTE
    Hardware\Encoder.c                       0x00000000   Number         0  encoder.o ABSOLUTE
    Hardware\IC.c                            0x00000000   Number         0  ic.o ABSOLUTE
    Hardware\Key.c                           0x00000000   Number         0  key.o ABSOLUTE
    Hardware\LED.c                           0x00000000   Number         0  led.o ABSOLUTE
    Hardware\LightSenser.c                   0x00000000   Number         0  lightsenser.o ABSOLUTE
    Hardware\OLED.c                          0x00000000   Number         0  oled.o ABSOLUTE
    Hardware\OLED_Data.c                     0x00000000   Number         0  oled_data.o ABSOLUTE
    Hardware\PWM.c                           0x00000000   Number         0  pwm.o ABSOLUTE
    Hardware\Serial.c                        0x00000000   Number         0  serial.o ABSOLUTE
    Library\misc.c                           0x00000000   Number         0  misc.o ABSOLUTE
    Library\stm32f10x_adc.c                  0x00000000   Number         0  stm32f10x_adc.o ABSOLUTE
    Library\stm32f10x_bkp.c                  0x00000000   Number         0  stm32f10x_bkp.o ABSOLUTE
    Library\stm32f10x_can.c                  0x00000000   Number         0  stm32f10x_can.o ABSOLUTE
    Library\stm32f10x_cec.c                  0x00000000   Number         0  stm32f10x_cec.o ABSOLUTE
    Library\stm32f10x_crc.c                  0x00000000   Number         0  stm32f10x_crc.o ABSOLUTE
    Library\stm32f10x_dac.c                  0x00000000   Number         0  stm32f10x_dac.o ABSOLUTE
    Library\stm32f10x_dbgmcu.c               0x00000000   Number         0  stm32f10x_dbgmcu.o ABSOLUTE
    Library\stm32f10x_dma.c                  0x00000000   Number         0  stm32f10x_dma.o ABSOLUTE
    Library\stm32f10x_exti.c                 0x00000000   Number         0  stm32f10x_exti.o ABSOLUTE
    Library\stm32f10x_flash.c                0x00000000   Number         0  stm32f10x_flash.o ABSOLUTE
    Library\stm32f10x_fsmc.c                 0x00000000   Number         0  stm32f10x_fsmc.o ABSOLUTE
    Library\stm32f10x_gpio.c                 0x00000000   Number         0  stm32f10x_gpio.o ABSOLUTE
    Library\stm32f10x_i2c.c                  0x00000000   Number         0  stm32f10x_i2c.o ABSOLUTE
    Library\stm32f10x_iwdg.c                 0x00000000   Number         0  stm32f10x_iwdg.o ABSOLUTE
    Library\stm32f10x_pwr.c                  0x00000000   Number         0  stm32f10x_pwr.o ABSOLUTE
    Library\stm32f10x_rcc.c                  0x00000000   Number         0  stm32f10x_rcc.o ABSOLUTE
    Library\stm32f10x_rtc.c                  0x00000000   Number         0  stm32f10x_rtc.o ABSOLUTE
    Library\stm32f10x_sdio.c                 0x00000000   Number         0  stm32f10x_sdio.o ABSOLUTE
    Library\stm32f10x_spi.c                  0x00000000   Number         0  stm32f10x_spi.o ABSOLUTE
    Library\stm32f10x_tim.c                  0x00000000   Number         0  stm32f10x_tim.o ABSOLUTE
    Library\stm32f10x_usart.c                0x00000000   Number         0  stm32f10x_usart.o ABSOLUTE
    Library\stm32f10x_wwdg.c                 0x00000000   Number         0  stm32f10x_wwdg.o ABSOLUTE
    Start\\core_cm3.c                        0x00000000   Number         0  core_cm3.o ABSOLUTE
    Start\core_cm3.c                         0x00000000   Number         0  core_cm3.o ABSOLUTE
    Start\startup_stm32f10x_md.s             0x00000000   Number         0  startup_stm32f10x_md.o ABSOLUTE
    Start\system_stm32f10x.c                 0x00000000   Number         0  system_stm32f10x.o ABSOLUTE
    System\Delay.c                           0x00000000   Number         0  delay.o ABSOLUTE
    System\Timer.c                           0x00000000   Number         0  timer.o ABSOLUTE
    User\main.c                              0x00000000   Number         0  main.o ABSOLUTE
    User\stm32f10x_it.c                      0x00000000   Number         0  stm32f10x_it.o ABSOLUTE
    cdcmple.s                                0x00000000   Number         0  cdcmple.o ABSOLUTE
    cdrcmple.s                               0x00000000   Number         0  cdrcmple.o ABSOLUTE
    cfcmple.s                                0x00000000   Number         0  cfcmple.o ABSOLUTE
    dc.s                                     0x00000000   Number         0  dc.o ABSOLUTE
    handlers.s                               0x00000000   Number         0  handlers.o ABSOLUTE
    hardware\CountSenser.c                   0x00000000   Number         0  countsenser.o ABSOLUTE
    init.s                                   0x00000000   Number         0  init.o ABSOLUTE
    RESET                                    0x08000000   Section      236  startup_stm32f10x_md.o(RESET)
    .ARM.Collect$$$$00000000                 0x080000ec   Section        0  entry.o(.ARM.Collect$$$$00000000)
    .ARM.Collect$$$$00000001                 0x080000ec   Section        4  entry2.o(.ARM.Collect$$$$00000001)
    .ARM.Collect$$$$00000004                 0x080000f0   Section        4  entry5.o(.ARM.Collect$$$$00000004)
    .ARM.Collect$$$$00000008                 0x080000f4   Section        0  entry7b.o(.ARM.Collect$$$$00000008)
    .ARM.Collect$$$$0000000A                 0x080000f4   Section        0  entry8b.o(.ARM.Collect$$$$0000000A)
    .ARM.Collect$$$$0000000B                 0x080000f4   Section        8  entry9a.o(.ARM.Collect$$$$0000000B)
    .ARM.Collect$$$$0000000D                 0x080000fc   Section        0  entry10a.o(.ARM.Collect$$$$0000000D)
    .ARM.Collect$$$$0000000F                 0x080000fc   Section        0  entry11a.o(.ARM.Collect$$$$0000000F)
    .ARM.Collect$$$$00002712                 0x080000fc   Section        4  entry2.o(.ARM.Collect$$$$00002712)
    __lit__00000000                          0x080000fc   Data           4  entry2.o(.ARM.Collect$$$$00002712)
    .text                                    0x08000100   Section       36  startup_stm32f10x_md.o(.text)
    .text                                    0x08000124   Section        0  system_stm32f10x.o(.text)
    SetSysClockTo72                          0x08000125   Thumb Code   214  system_stm32f10x.o(.text)
    SetSysClock                              0x080001fb   Thumb Code     8  system_stm32f10x.o(.text)
    .text                                    0x08000304   Section        0  main.o(.text)
    .text                                    0x08000370   Section        0  stm32f10x_it.o(.text)
    .text                                    0x0800038c   Section        0  misc.o(.text)
    .text                                    0x08000468   Section        0  stm32f10x_exti.o(.text)
    .text                                    0x08000584   Section        0  stm32f10x_gpio.o(.text)
    .text                                    0x080008e0   Section        0  stm32f10x_rcc.o(.text)
    .text                                    0x08000c84   Section        0  stm32f10x_tim.o(.text)
    TI4_Config                               0x0800112b   Thumb Code   130  stm32f10x_tim.o(.text)
    TI3_Config                               0x080011bf   Thumb Code   122  stm32f10x_tim.o(.text)
    TI2_Config                               0x08001253   Thumb Code   130  stm32f10x_tim.o(.text)
    TI1_Config                               0x080012e7   Thumb Code   108  stm32f10x_tim.o(.text)
    .text                                    0x08001aa0   Section        0  stm32f10x_usart.o(.text)
    .text                                    0x08001ea8   Section        0  delay.o(.text)
    .text                                    0x08001f08   Section        0  timer.o(.text)
    .text                                    0x08001fe4   Section        0  led.o(.text)
    .text                                    0x08002088   Section        0  countsenser.o(.text)
    .text                                    0x08002138   Section        0  encoder.o(.text)
    .text                                    0x08002238   Section        0  serial.o(.text)
    .text                                    0x08002484   Section        0  oled.o(.text)
    .text                                    0x08003994   Section        0  strcmp.o(.text)
    .text                                    0x080039b0   Section        0  fadd.o(.text)
    .text                                    0x08003a60   Section        0  dadd.o(.text)
    .text                                    0x08003bae   Section        0  dmul.o(.text)
    .text                                    0x08003c92   Section        0  ddiv.o(.text)
    .text                                    0x08003d70   Section        0  fflti.o(.text)
    .text                                    0x08003d82   Section        0  dflti.o(.text)
    .text                                    0x08003da4   Section        0  dfltui.o(.text)
    .text                                    0x08003dbe   Section        0  dfixi.o(.text)
    .text                                    0x08003dfc   Section        0  dfixui.o(.text)
    .text                                    0x08003e30   Section       48  cdcmple.o(.text)
    .text                                    0x08003e60   Section       48  cdrcmple.o(.text)
    .text                                    0x08003e90   Section        0  d2f.o(.text)
    .text                                    0x08003ec8   Section       20  cfcmple.o(.text)
    .text                                    0x08003edc   Section        0  uidiv.o(.text)
    .text                                    0x08003f08   Section        0  uldiv.o(.text)
    .text                                    0x08003f6a   Section        0  llshl.o(.text)
    .text                                    0x08003f88   Section        0  llushr.o(.text)
    .text                                    0x08003fa8   Section        0  llsshr.o(.text)
    .text                                    0x08003fcc   Section        0  fepilogue.o(.text)
    .text                                    0x08003fcc   Section        0  iusefp.o(.text)
    .text                                    0x0800403a   Section        0  depilogue.o(.text)
    .text                                    0x080040f4   Section        0  drnd.o(.text)
    .text                                    0x0800417c   Section        0  dfixul.o(.text)
    .text                                    0x080041ac   Section       36  init.o(.text)
    .text                                    0x080041d0   Section        0  dscalb.o(.text)
    i.__0vsprintf                            0x08004200   Section        0  printfa.o(i.__0vsprintf)
    i.__ARM_fpclassify                       0x08004224   Section        0  fpclassify.o(i.__ARM_fpclassify)
    i.__kernel_poly                          0x0800424c   Section        0  poly.o(i.__kernel_poly)
    i.__mathlib_dbl_infnan                   0x080042f6   Section        0  dunder.o(i.__mathlib_dbl_infnan)
    i.__mathlib_dbl_infnan2                  0x080042fc   Section        0  dunder.o(i.__mathlib_dbl_infnan2)
    i.__mathlib_dbl_underflow                0x08004300   Section        0  dunder.o(i.__mathlib_dbl_underflow)
    i.__scatterload_copy                     0x08004310   Section       14  handlers.o(i.__scatterload_copy)
    i.__scatterload_null                     0x0800431e   Section        2  handlers.o(i.__scatterload_null)
    i.__scatterload_zeroinit                 0x08004320   Section       14  handlers.o(i.__scatterload_zeroinit)
    i._fp_digits                             0x08004330   Section        0  printfa.o(i._fp_digits)
    _fp_digits                               0x08004331   Thumb Code   366  printfa.o(i._fp_digits)
    i._printf_core                           0x080044b4   Section        0  printfa.o(i._printf_core)
    _printf_core                             0x080044b5   Thumb Code  1744  printfa.o(i._printf_core)
    i._printf_post_padding                   0x08004b90   Section        0  printfa.o(i._printf_post_padding)
    _printf_post_padding                     0x08004b91   Thumb Code    36  printfa.o(i._printf_post_padding)
    i._printf_pre_padding                    0x08004bb4   Section        0  printfa.o(i._printf_pre_padding)
    _printf_pre_padding                      0x08004bb5   Thumb Code    46  printfa.o(i._printf_pre_padding)
    i._sputc                                 0x08004be2   Section        0  printfa.o(i._sputc)
    _sputc                                   0x08004be3   Thumb Code    10  printfa.o(i._sputc)
    i.atan                                   0x08004bec   Section        0  atan.o(i.atan)
    i.atan2                                  0x08004e0c   Section        0  atan2.o(i.atan2)
    i.round                                  0x08004f8c   Section        0  round.o(i.round)
    .constdata                               0x08005020   Section     2381  oled_data.o(.constdata)
    .constdata                               0x08005970   Section      152  atan.o(.constdata)
    atanhi                                   0x08005970   Data          32  atan.o(.constdata)
    atanlo                                   0x08005990   Data          32  atan.o(.constdata)
    aTodd                                    0x080059b0   Data          40  atan.o(.constdata)
    aTeven                                   0x080059d8   Data          48  atan.o(.constdata)
    .constdata                               0x08005a08   Section        8  qnan.o(.constdata)
    .data                                    0x20000000   Section       20  system_stm32f10x.o(.data)
    .data                                    0x20000014   Section       20  stm32f10x_rcc.o(.data)
    APBAHBPrescTable                         0x20000014   Data          16  stm32f10x_rcc.o(.data)
    ADCPrescTable                            0x20000024   Data           4  stm32f10x_rcc.o(.data)
    .data                                    0x20000028   Section        2  timer.o(.data)
    .data                                    0x2000002a   Section        2  countsenser.o(.data)
    .data                                    0x2000002c   Section        2  encoder.o(.data)
    .data                                    0x2000002e   Section        3  serial.o(.data)
    RxState                                  0x2000002f   Data           1  serial.o(.data)
    pRxPacket                                0x20000030   Data           1  serial.o(.data)
    .bss                                     0x20000034   Section      101  serial.o(.bss)
    .bss                                     0x20000099   Section     1024  oled.o(.bss)
    STACK                                    0x200004a0   Section     1024  startup_stm32f10x_md.o(STACK)

    Global Symbols

    Symbol Name                              Value     Ov Type        Size  Object(Section)

    BuildAttributes$$THM_ISAv4$P$D$K$B$S$PE$A:L22UL41UL21$X:L11$S22US41US21$IEEE1$IW$USESV6$~STKCKD$USESV7$~SHL$OTIME$ROPI$IEEEX$EBA8$MICROLIB$REQ8$PRES8$EABIv2 0x00000000   Number         0  anon$$obj.o ABSOLUTE
    __ARM_use_no_argv                        0x00000000   Number         0  main.o ABSOLUTE
    __cpp_initialize__aeabi_                  - Undefined Weak Reference
    __cxa_finalize                            - Undefined Weak Reference
    __decompress                              - Undefined Weak Reference
    _clock_init                               - Undefined Weak Reference
    _microlib_exit                            - Undefined Weak Reference
    __Vectors_Size                           0x000000ec   Number         0  startup_stm32f10x_md.o ABSOLUTE
    __Vectors                                0x08000000   Data           4  startup_stm32f10x_md.o(RESET)
    __Vectors_End                            0x080000ec   Data           0  startup_stm32f10x_md.o(RESET)
    __main                                   0x080000ed   Thumb Code     0  entry.o(.ARM.Collect$$$$00000000)
    _main_stk                                0x080000ed   Thumb Code     0  entry2.o(.ARM.Collect$$$$00000001)
    _main_scatterload                        0x080000f1   Thumb Code     0  entry5.o(.ARM.Collect$$$$00000004)
    __main_after_scatterload                 0x080000f5   Thumb Code     0  entry5.o(.ARM.Collect$$$$00000004)
    _main_clock                              0x080000f5   Thumb Code     0  entry7b.o(.ARM.Collect$$$$00000008)
    _main_cpp_init                           0x080000f5   Thumb Code     0  entry8b.o(.ARM.Collect$$$$0000000A)
    _main_init                               0x080000f5   Thumb Code     0  entry9a.o(.ARM.Collect$$$$0000000B)
    __rt_final_cpp                           0x080000fd   Thumb Code     0  entry10a.o(.ARM.Collect$$$$0000000D)
    __rt_final_exit                          0x080000fd   Thumb Code     0  entry11a.o(.ARM.Collect$$$$0000000F)
    Reset_Handler                            0x08000101   Thumb Code     8  startup_stm32f10x_md.o(.text)
    ADC1_2_IRQHandler                        0x0800011b   Thumb Code     0  startup_stm32f10x_md.o(.text)
    CAN1_RX1_IRQHandler                      0x0800011b   Thumb Code     0  startup_stm32f10x_md.o(.text)
    CAN1_SCE_IRQHandler                      0x0800011b   Thumb Code     0  startup_stm32f10x_md.o(.text)
    DMA1_Channel1_IRQHandler                 0x0800011b   Thumb Code     0  startup_stm32f10x_md.o(.text)
    DMA1_Channel2_IRQHandler                 0x0800011b   Thumb Code     0  startup_stm32f10x_md.o(.text)
    DMA1_Channel3_IRQHandler                 0x0800011b   Thumb Code     0  startup_stm32f10x_md.o(.text)
    DMA1_Channel4_IRQHandler                 0x0800011b   Thumb Code     0  startup_stm32f10x_md.o(.text)
    DMA1_Channel5_IRQHandler                 0x0800011b   Thumb Code     0  startup_stm32f10x_md.o(.text)
    DMA1_Channel6_IRQHandler                 0x0800011b   Thumb Code     0  startup_stm32f10x_md.o(.text)
    DMA1_Channel7_IRQHandler                 0x0800011b   Thumb Code     0  startup_stm32f10x_md.o(.text)
    EXTI2_IRQHandler                         0x0800011b   Thumb Code     0  startup_stm32f10x_md.o(.text)
    EXTI3_IRQHandler                         0x0800011b   Thumb Code     0  startup_stm32f10x_md.o(.text)
    EXTI4_IRQHandler                         0x0800011b   Thumb Code     0  startup_stm32f10x_md.o(.text)
    EXTI9_5_IRQHandler                       0x0800011b   Thumb Code     0  startup_stm32f10x_md.o(.text)
    FLASH_IRQHandler                         0x0800011b   Thumb Code     0  startup_stm32f10x_md.o(.text)
    I2C1_ER_IRQHandler                       0x0800011b   Thumb Code     0  startup_stm32f10x_md.o(.text)
    I2C1_EV_IRQHandler                       0x0800011b   Thumb Code     0  startup_stm32f10x_md.o(.text)
    I2C2_ER_IRQHandler                       0x0800011b   Thumb Code     0  startup_stm32f10x_md.o(.text)
    I2C2_EV_IRQHandler                       0x0800011b   Thumb Code     0  startup_stm32f10x_md.o(.text)
    PVD_IRQHandler                           0x0800011b   Thumb Code     0  startup_stm32f10x_md.o(.text)
    RCC_IRQHandler                           0x0800011b   Thumb Code     0  startup_stm32f10x_md.o(.text)
    RTCAlarm_IRQHandler                      0x0800011b   Thumb Code     0  startup_stm32f10x_md.o(.text)
    RTC_IRQHandler                           0x0800011b   Thumb Code     0  startup_stm32f10x_md.o(.text)
    SPI1_IRQHandler                          0x0800011b   Thumb Code     0  startup_stm32f10x_md.o(.text)
    SPI2_IRQHandler                          0x0800011b   Thumb Code     0  startup_stm32f10x_md.o(.text)
    TAMPER_IRQHandler                        0x0800011b   Thumb Code     0  startup_stm32f10x_md.o(.text)
    TIM1_BRK_IRQHandler                      0x0800011b   Thumb Code     0  startup_stm32f10x_md.o(.text)
    TIM1_CC_IRQHandler                       0x0800011b   Thumb Code     0  startup_stm32f10x_md.o(.text)
    TIM1_TRG_COM_IRQHandler                  0x0800011b   Thumb Code     0  startup_stm32f10x_md.o(.text)
    TIM1_UP_IRQHandler                       0x0800011b   Thumb Code     0  startup_stm32f10x_md.o(.text)
    TIM3_IRQHandler                          0x0800011b   Thumb Code     0  startup_stm32f10x_md.o(.text)
    TIM4_IRQHandler                          0x0800011b   Thumb Code     0  startup_stm32f10x_md.o(.text)
    USART2_IRQHandler                        0x0800011b   Thumb Code     0  startup_stm32f10x_md.o(.text)
    USART3_IRQHandler                        0x0800011b   Thumb Code     0  startup_stm32f10x_md.o(.text)
    USBWakeUp_IRQHandler                     0x0800011b   Thumb Code     0  startup_stm32f10x_md.o(.text)
    USB_HP_CAN1_TX_IRQHandler                0x0800011b   Thumb Code     0  startup_stm32f10x_md.o(.text)
    USB_LP_CAN1_RX0_IRQHandler               0x0800011b   Thumb Code     0  startup_stm32f10x_md.o(.text)
    WWDG_IRQHandler                          0x0800011b   Thumb Code     0  startup_stm32f10x_md.o(.text)
    SystemInit                               0x08000203   Thumb Code    78  system_stm32f10x.o(.text)
    SystemCoreClockUpdate                    0x08000251   Thumb Code   142  system_stm32f10x.o(.text)
    main                                     0x08000305   Thumb Code    76  main.o(.text)
    NMI_Handler                              0x08000371   Thumb Code     2  stm32f10x_it.o(.text)
    HardFault_Handler                        0x08000373   Thumb Code     4  stm32f10x_it.o(.text)
    MemManage_Handler                        0x08000377   Thumb Code     4  stm32f10x_it.o(.text)
    BusFault_Handler                         0x0800037b   Thumb Code     4  stm32f10x_it.o(.text)
    UsageFault_Handler                       0x0800037f   Thumb Code     4  stm32f10x_it.o(.text)
    SVC_Handler                              0x08000383   Thumb Code     2  stm32f10x_it.o(.text)
    DebugMon_Handler                         0x08000385   Thumb Code     2  stm32f10x_it.o(.text)
    PendSV_Handler                           0x08000387   Thumb Code     2  stm32f10x_it.o(.text)
    SysTick_Handler                          0x08000389   Thumb Code     2  stm32f10x_it.o(.text)
    NVIC_PriorityGroupConfig                 0x0800038d   Thumb Code    10  misc.o(.text)
    NVIC_Init                                0x08000397   Thumb Code   100  misc.o(.text)
    NVIC_SetVectorTable                      0x080003fb   Thumb Code    14  misc.o(.text)
    NVIC_SystemLPConfig                      0x08000409   Thumb Code    34  misc.o(.text)
    SysTick_CLKSourceConfig                  0x0800042b   Thumb Code    40  misc.o(.text)
    EXTI_DeInit                              0x08000469   Thumb Code    28  stm32f10x_exti.o(.text)
    EXTI_Init                                0x08000485   Thumb Code   142  stm32f10x_exti.o(.text)
    EXTI_StructInit                          0x08000513   Thumb Code    16  stm32f10x_exti.o(.text)
    EXTI_GenerateSWInterrupt                 0x08000523   Thumb Code    16  stm32f10x_exti.o(.text)
    EXTI_GetFlagStatus                       0x08000533   Thumb Code    22  stm32f10x_exti.o(.text)
    EXTI_ClearFlag                           0x08000549   Thumb Code     8  stm32f10x_exti.o(.text)
    EXTI_GetITStatus                         0x08000551   Thumb Code    34  stm32f10x_exti.o(.text)
    EXTI_ClearITPendingBit                   0x08000573   Thumb Code     8  stm32f10x_exti.o(.text)
    GPIO_DeInit                              0x08000585   Thumb Code   172  stm32f10x_gpio.o(.text)
    GPIO_AFIODeInit                          0x08000631   Thumb Code    20  stm32f10x_gpio.o(.text)
    GPIO_Init                                0x08000645   Thumb Code   278  stm32f10x_gpio.o(.text)
    GPIO_StructInit                          0x0800075b   Thumb Code    16  stm32f10x_gpio.o(.text)
    GPIO_ReadInputDataBit                    0x0800076b   Thumb Code    18  stm32f10x_gpio.o(.text)
    GPIO_ReadInputData                       0x0800077d   Thumb Code     8  stm32f10x_gpio.o(.text)
    GPIO_ReadOutputDataBit                   0x08000785   Thumb Code    18  stm32f10x_gpio.o(.text)
    GPIO_ReadOutputData                      0x08000797   Thumb Code     8  stm32f10x_gpio.o(.text)
    GPIO_SetBits                             0x0800079f   Thumb Code     4  stm32f10x_gpio.o(.text)
    GPIO_ResetBits                           0x080007a3   Thumb Code     4  stm32f10x_gpio.o(.text)
    GPIO_WriteBit                            0x080007a7   Thumb Code    10  stm32f10x_gpio.o(.text)
    GPIO_Write                               0x080007b1   Thumb Code     4  stm32f10x_gpio.o(.text)
    GPIO_PinLockConfig                       0x080007b5   Thumb Code    18  stm32f10x_gpio.o(.text)
    GPIO_EventOutputConfig                   0x080007c7   Thumb Code    26  stm32f10x_gpio.o(.text)
    GPIO_EventOutputCmd                      0x080007e1   Thumb Code     6  stm32f10x_gpio.o(.text)
    GPIO_PinRemapConfig                      0x080007e7   Thumb Code   138  stm32f10x_gpio.o(.text)
    GPIO_EXTILineConfig                      0x08000871   Thumb Code    66  stm32f10x_gpio.o(.text)
    GPIO_ETH_MediaInterfaceConfig            0x080008b3   Thumb Code     8  stm32f10x_gpio.o(.text)
    RCC_DeInit                               0x080008e1   Thumb Code    64  stm32f10x_rcc.o(.text)
    RCC_HSEConfig                            0x08000921   Thumb Code    70  stm32f10x_rcc.o(.text)
    RCC_GetFlagStatus                        0x08000967   Thumb Code    56  stm32f10x_rcc.o(.text)
    RCC_WaitForHSEStartUp                    0x0800099f   Thumb Code    56  stm32f10x_rcc.o(.text)
    RCC_AdjustHSICalibrationValue            0x080009d7   Thumb Code    20  stm32f10x_rcc.o(.text)
    RCC_HSICmd                               0x080009eb   Thumb Code     6  stm32f10x_rcc.o(.text)
    RCC_PLLConfig                            0x080009f1   Thumb Code    24  stm32f10x_rcc.o(.text)
    RCC_PLLCmd                               0x08000a09   Thumb Code     6  stm32f10x_rcc.o(.text)
    RCC_SYSCLKConfig                         0x08000a0f   Thumb Code    18  stm32f10x_rcc.o(.text)
    RCC_GetSYSCLKSource                      0x08000a21   Thumb Code    10  stm32f10x_rcc.o(.text)
    RCC_HCLKConfig                           0x08000a2b   Thumb Code    18  stm32f10x_rcc.o(.text)
    RCC_PCLK1Config                          0x08000a3d   Thumb Code    18  stm32f10x_rcc.o(.text)
    RCC_PCLK2Config                          0x08000a4f   Thumb Code    20  stm32f10x_rcc.o(.text)
    RCC_ITConfig                             0x08000a63   Thumb Code    26  stm32f10x_rcc.o(.text)
    RCC_USBCLKConfig                         0x08000a7d   Thumb Code     8  stm32f10x_rcc.o(.text)
    RCC_ADCCLKConfig                         0x08000a85   Thumb Code    18  stm32f10x_rcc.o(.text)
    RCC_LSEConfig                            0x08000a97   Thumb Code    50  stm32f10x_rcc.o(.text)
    RCC_LSICmd                               0x08000ac9   Thumb Code     6  stm32f10x_rcc.o(.text)
    RCC_RTCCLKConfig                         0x08000acf   Thumb Code    12  stm32f10x_rcc.o(.text)
    RCC_RTCCLKCmd                            0x08000adb   Thumb Code     8  stm32f10x_rcc.o(.text)
    RCC_GetClocksFreq                        0x08000ae3   Thumb Code   192  stm32f10x_rcc.o(.text)
    RCC_AHBPeriphClockCmd                    0x08000ba3   Thumb Code    26  stm32f10x_rcc.o(.text)
    RCC_APB2PeriphClockCmd                   0x08000bbd   Thumb Code    26  stm32f10x_rcc.o(.text)
    RCC_APB1PeriphClockCmd                   0x08000bd7   Thumb Code    26  stm32f10x_rcc.o(.text)
    RCC_APB2PeriphResetCmd                   0x08000bf1   Thumb Code    26  stm32f10x_rcc.o(.text)
    RCC_APB1PeriphResetCmd                   0x08000c0b   Thumb Code    26  stm32f10x_rcc.o(.text)
    RCC_BackupResetCmd                       0x08000c25   Thumb Code     8  stm32f10x_rcc.o(.text)
    RCC_ClockSecuritySystemCmd               0x08000c2d   Thumb Code     6  stm32f10x_rcc.o(.text)
    RCC_MCOConfig                            0x08000c33   Thumb Code     6  stm32f10x_rcc.o(.text)
    RCC_ClearFlag                            0x08000c39   Thumb Code    14  stm32f10x_rcc.o(.text)
    RCC_GetITStatus                          0x08000c47   Thumb Code    20  stm32f10x_rcc.o(.text)
    RCC_ClearITPendingBit                    0x08000c5b   Thumb Code     6  stm32f10x_rcc.o(.text)
    TIM_DeInit                               0x08000c85   Thumb Code   424  stm32f10x_tim.o(.text)
    TIM_TimeBaseInit                         0x08000e2d   Thumb Code   122  stm32f10x_tim.o(.text)
    TIM_OC1Init                              0x08000ea7   Thumb Code   132  stm32f10x_tim.o(.text)
    TIM_OC2Init                              0x08000f2b   Thumb Code   154  stm32f10x_tim.o(.text)
    TIM_OC3Init                              0x08000fc5   Thumb Code   150  stm32f10x_tim.o(.text)
    TIM_OC4Init                              0x0800105b   Thumb Code   182  stm32f10x_tim.o(.text)
    TIM_SetIC4Prescaler                      0x08001111   Thumb Code    26  stm32f10x_tim.o(.text)
    TIM_SetIC3Prescaler                      0x080011ad   Thumb Code    18  stm32f10x_tim.o(.text)
    TIM_SetIC2Prescaler                      0x08001239   Thumb Code    26  stm32f10x_tim.o(.text)
    TIM_SetIC1Prescaler                      0x080012d5   Thumb Code    18  stm32f10x_tim.o(.text)
    TIM_ICInit                               0x08001353   Thumb Code   150  stm32f10x_tim.o(.text)
    TIM_PWMIConfig                           0x080013e9   Thumb Code   124  stm32f10x_tim.o(.text)
    TIM_BDTRConfig                           0x08001465   Thumb Code    32  stm32f10x_tim.o(.text)
    TIM_TimeBaseStructInit                   0x08001485   Thumb Code    18  stm32f10x_tim.o(.text)
    TIM_OCStructInit                         0x08001497   Thumb Code    20  stm32f10x_tim.o(.text)
    TIM_ICStructInit                         0x080014ab   Thumb Code    18  stm32f10x_tim.o(.text)
    TIM_BDTRStructInit                       0x080014bd   Thumb Code    40  stm32f10x_tim.o(.text)
    TIM_Cmd                                  0x080014e5   Thumb Code    24  stm32f10x_tim.o(.text)
    TIM_CtrlPWMOutputs                       0x080014fd   Thumb Code    30  stm32f10x_tim.o(.text)
    TIM_ITConfig                             0x0800151b   Thumb Code    18  stm32f10x_tim.o(.text)
    TIM_GenerateEvent                        0x0800152d   Thumb Code     4  stm32f10x_tim.o(.text)
    TIM_DMAConfig                            0x08001531   Thumb Code    10  stm32f10x_tim.o(.text)
    TIM_DMACmd                               0x0800153b   Thumb Code    18  stm32f10x_tim.o(.text)
    TIM_InternalClockConfig                  0x0800154d   Thumb Code    12  stm32f10x_tim.o(.text)
    TIM_SelectInputTrigger                   0x08001559   Thumb Code    18  stm32f10x_tim.o(.text)
    TIM_ITRxExternalClockConfig              0x0800156b   Thumb Code    24  stm32f10x_tim.o(.text)
    TIM_TIxExternalClockConfig               0x08001583   Thumb Code    62  stm32f10x_tim.o(.text)
    TIM_ETRConfig                            0x080015c1   Thumb Code    28  stm32f10x_tim.o(.text)
    TIM_ETRClockMode1Config                  0x080015dd   Thumb Code    54  stm32f10x_tim.o(.text)
    TIM_ETRClockMode2Config                  0x08001613   Thumb Code    32  stm32f10x_tim.o(.text)
    TIM_PrescalerConfig                      0x08001633   Thumb Code     6  stm32f10x_tim.o(.text)
    TIM_CounterModeConfig                    0x08001639   Thumb Code    18  stm32f10x_tim.o(.text)
    TIM_EncoderInterfaceConfig               0x0800164b   Thumb Code    66  stm32f10x_tim.o(.text)
    TIM_ForcedOC1Config                      0x0800168d   Thumb Code    18  stm32f10x_tim.o(.text)
    TIM_ForcedOC2Config                      0x0800169f   Thumb Code    26  stm32f10x_tim.o(.text)
    TIM_ForcedOC3Config                      0x080016b9   Thumb Code    18  stm32f10x_tim.o(.text)
    TIM_ForcedOC4Config                      0x080016cb   Thumb Code    26  stm32f10x_tim.o(.text)
    TIM_ARRPreloadConfig                     0x080016e5   Thumb Code    24  stm32f10x_tim.o(.text)
    TIM_SelectCOM                            0x080016fd   Thumb Code    24  stm32f10x_tim.o(.text)
    TIM_SelectCCDMA                          0x08001715   Thumb Code    24  stm32f10x_tim.o(.text)
    TIM_CCPreloadControl                     0x0800172d   Thumb Code    24  stm32f10x_tim.o(.text)
    TIM_OC1PreloadConfig                     0x08001745   Thumb Code    18  stm32f10x_tim.o(.text)
    TIM_OC2PreloadConfig                     0x08001757   Thumb Code    26  stm32f10x_tim.o(.text)
    TIM_OC3PreloadConfig                     0x08001771   Thumb Code    18  stm32f10x_tim.o(.text)
    TIM_OC4PreloadConfig                     0x08001783   Thumb Code    26  stm32f10x_tim.o(.text)
    TIM_OC1FastConfig                        0x0800179d   Thumb Code    18  stm32f10x_tim.o(.text)
    TIM_OC2FastConfig                        0x080017af   Thumb Code    26  stm32f10x_tim.o(.text)
    TIM_OC3FastConfig                        0x080017c9   Thumb Code    18  stm32f10x_tim.o(.text)
    TIM_OC4FastConfig                        0x080017db   Thumb Code    26  stm32f10x_tim.o(.text)
    TIM_ClearOC1Ref                          0x080017f5   Thumb Code    18  stm32f10x_tim.o(.text)
    TIM_ClearOC2Ref                          0x08001807   Thumb Code    24  stm32f10x_tim.o(.text)
    TIM_ClearOC3Ref                          0x0800181f   Thumb Code    18  stm32f10x_tim.o(.text)
    TIM_ClearOC4Ref                          0x08001831   Thumb Code    24  stm32f10x_tim.o(.text)
    TIM_OC1PolarityConfig                    0x08001849   Thumb Code    18  stm32f10x_tim.o(.text)
    TIM_OC1NPolarityConfig                   0x0800185b   Thumb Code    18  stm32f10x_tim.o(.text)
    TIM_OC2PolarityConfig                    0x0800186d   Thumb Code    26  stm32f10x_tim.o(.text)
    TIM_OC2NPolarityConfig                   0x08001887   Thumb Code    26  stm32f10x_tim.o(.text)
    TIM_OC3PolarityConfig                    0x080018a1   Thumb Code    26  stm32f10x_tim.o(.text)
    TIM_OC3NPolarityConfig                   0x080018bb   Thumb Code    26  stm32f10x_tim.o(.text)
    TIM_OC4PolarityConfig                    0x080018d5   Thumb Code    26  stm32f10x_tim.o(.text)
    TIM_CCxCmd                               0x080018ef   Thumb Code    30  stm32f10x_tim.o(.text)
    TIM_CCxNCmd                              0x0800190d   Thumb Code    30  stm32f10x_tim.o(.text)
    TIM_SelectOCxM                           0x0800192b   Thumb Code    82  stm32f10x_tim.o(.text)
    TIM_UpdateDisableConfig                  0x0800197d   Thumb Code    24  stm32f10x_tim.o(.text)
    TIM_UpdateRequestConfig                  0x08001995   Thumb Code    24  stm32f10x_tim.o(.text)
    TIM_SelectHallSensor                     0x080019ad   Thumb Code    24  stm32f10x_tim.o(.text)
    TIM_SelectOnePulseMode                   0x080019c5   Thumb Code    18  stm32f10x_tim.o(.text)
    TIM_SelectOutputTrigger                  0x080019d7   Thumb Code    18  stm32f10x_tim.o(.text)
    TIM_SelectSlaveMode                      0x080019e9   Thumb Code    18  stm32f10x_tim.o(.text)
    TIM_SelectMasterSlaveMode                0x080019fb   Thumb Code    18  stm32f10x_tim.o(.text)
    TIM_SetCounter                           0x08001a0d   Thumb Code     4  stm32f10x_tim.o(.text)
    TIM_SetAutoreload                        0x08001a11   Thumb Code     4  stm32f10x_tim.o(.text)
    TIM_SetCompare1                          0x08001a15   Thumb Code     4  stm32f10x_tim.o(.text)
    TIM_SetCompare2                          0x08001a19   Thumb Code     4  stm32f10x_tim.o(.text)
    TIM_SetCompare3                          0x08001a1d   Thumb Code     4  stm32f10x_tim.o(.text)
    TIM_SetCompare4                          0x08001a21   Thumb Code     6  stm32f10x_tim.o(.text)
    TIM_SetClockDivision                     0x08001a27   Thumb Code    18  stm32f10x_tim.o(.text)
    TIM_GetCapture1                          0x08001a39   Thumb Code     6  stm32f10x_tim.o(.text)
    TIM_GetCapture2                          0x08001a3f   Thumb Code     6  stm32f10x_tim.o(.text)
    TIM_GetCapture3                          0x08001a45   Thumb Code     6  stm32f10x_tim.o(.text)
    TIM_GetCapture4                          0x08001a4b   Thumb Code     8  stm32f10x_tim.o(.text)
    TIM_GetCounter                           0x08001a53   Thumb Code     6  stm32f10x_tim.o(.text)
    TIM_GetPrescaler                         0x08001a59   Thumb Code     6  stm32f10x_tim.o(.text)
    TIM_GetFlagStatus                        0x08001a5f   Thumb Code    18  stm32f10x_tim.o(.text)
    TIM_ClearFlag                            0x08001a71   Thumb Code     6  stm32f10x_tim.o(.text)
    TIM_GetITStatus                          0x08001a77   Thumb Code    34  stm32f10x_tim.o(.text)
    TIM_ClearITPendingBit                    0x08001a99   Thumb Code     6  stm32f10x_tim.o(.text)
    USART_DeInit                             0x08001aa1   Thumb Code   134  stm32f10x_usart.o(.text)
    USART_Init                               0x08001b27   Thumb Code   210  stm32f10x_usart.o(.text)
    USART_StructInit                         0x08001bf9   Thumb Code    24  stm32f10x_usart.o(.text)
    USART_ClockInit                          0x08001c11   Thumb Code    34  stm32f10x_usart.o(.text)
    USART_ClockStructInit                    0x08001c33   Thumb Code    12  stm32f10x_usart.o(.text)
    USART_Cmd                                0x08001c3f   Thumb Code    24  stm32f10x_usart.o(.text)
    USART_ITConfig                           0x08001c57   Thumb Code    74  stm32f10x_usart.o(.text)
    USART_DMACmd                             0x08001ca1   Thumb Code    18  stm32f10x_usart.o(.text)
    USART_SetAddress                         0x08001cb3   Thumb Code    18  stm32f10x_usart.o(.text)
    USART_WakeUpConfig                       0x08001cc5   Thumb Code    18  stm32f10x_usart.o(.text)
    USART_ReceiverWakeUpCmd                  0x08001cd7   Thumb Code    24  stm32f10x_usart.o(.text)
    USART_LINBreakDetectLengthConfig         0x08001cef   Thumb Code    18  stm32f10x_usart.o(.text)
    USART_LINCmd                             0x08001d01   Thumb Code    24  stm32f10x_usart.o(.text)
    USART_SendData                           0x08001d19   Thumb Code     8  stm32f10x_usart.o(.text)
    USART_ReceiveData                        0x08001d21   Thumb Code    10  stm32f10x_usart.o(.text)
    USART_SendBreak                          0x08001d2b   Thumb Code    10  stm32f10x_usart.o(.text)
    USART_SetGuardTime                       0x08001d35   Thumb Code    16  stm32f10x_usart.o(.text)
    USART_SetPrescaler                       0x08001d45   Thumb Code    16  stm32f10x_usart.o(.text)
    USART_SmartCardCmd                       0x08001d55   Thumb Code    24  stm32f10x_usart.o(.text)
    USART_SmartCardNACKCmd                   0x08001d6d   Thumb Code    24  stm32f10x_usart.o(.text)
    USART_HalfDuplexCmd                      0x08001d85   Thumb Code    24  stm32f10x_usart.o(.text)
    USART_OverSampling8Cmd                   0x08001d9d   Thumb Code    22  stm32f10x_usart.o(.text)
    USART_OneBitMethodCmd                    0x08001db3   Thumb Code    24  stm32f10x_usart.o(.text)
    USART_IrDAConfig                         0x08001dcb   Thumb Code    18  stm32f10x_usart.o(.text)
    USART_IrDACmd                            0x08001ddd   Thumb Code    24  stm32f10x_usart.o(.text)
    USART_GetFlagStatus                      0x08001df5   Thumb Code    26  stm32f10x_usart.o(.text)
    USART_ClearFlag                          0x08001e0f   Thumb Code    18  stm32f10x_usart.o(.text)
    USART_GetITStatus                        0x08001e21   Thumb Code    84  stm32f10x_usart.o(.text)
    USART_ClearITPendingBit                  0x08001e75   Thumb Code    52  stm32f10x_usart.o(.text)
    Delay_us                                 0x08001ea9   Thumb Code    46  delay.o(.text)
    Delay_ms                                 0x08001ed7   Thumb Code    24  delay.o(.text)
    Delay_s                                  0x08001eef   Thumb Code    24  delay.o(.text)
    Timer_Init                               0x08001f09   Thumb Code   164  timer.o(.text)
    Timer_GetCounter                         0x08001fad   Thumb Code    12  timer.o(.text)
    TIM2_IRQHandler                          0x08001fb9   Thumb Code    36  timer.o(.text)
    LED_Init                                 0x08001fe5   Thumb Code    46  led.o(.text)
    LED_ON1                                  0x08002013   Thumb Code    12  led.o(.text)
    LED_OFF1                                 0x0800201f   Thumb Code    12  led.o(.text)
    LED_ON2                                  0x0800202b   Thumb Code    12  led.o(.text)
    LED_OFF2                                 0x08002037   Thumb Code    12  led.o(.text)
    LED1_Turn                                0x08002043   Thumb Code    32  led.o(.text)
    LED2_Turn                                0x08002063   Thumb Code    32  led.o(.text)
    CountSenser_Init                         0x08002089   Thumb Code   120  countsenser.o(.text)
    CountSenser_Get                          0x08002101   Thumb Code     6  countsenser.o(.text)
    EXTI15_10_IRQHandler                     0x08002107   Thumb Code    40  countsenser.o(.text)
    Encoder_Init                             0x08002139   Thumb Code   150  encoder.o(.text)
    EXTI0_IRQHandler                         0x080021cf   Thumb Code    42  encoder.o(.text)
    EXTI1_IRQHandler                         0x080021f9   Thumb Code    42  encoder.o(.text)
    Encoder_Get                              0x08002223   Thumb Code    14  encoder.o(.text)
    Serial_Init                              0x08002239   Thumb Code   168  serial.o(.text)
    USART1_IRQHandler                        0x080022e1   Thumb Code   138  serial.o(.text)
    Serial_SendByte                          0x0800236b   Thumb Code    28  serial.o(.text)
    Serial_SendArray                         0x08002387   Thumb Code    42  serial.o(.text)
    Serial_SendString                        0x080023b1   Thumb Code    42  serial.o(.text)
    Serial_Pow                               0x080023db   Thumb Code    20  serial.o(.text)
    Serial_SendNum                           0x080023ef   Thumb Code    74  serial.o(.text)
    fputc                                    0x08002439   Thumb Code    16  serial.o(.text)
    Serial_Printf                            0x08002449   Thumb Code    36  serial.o(.text)
    OLED_W_SCL                               0x08002485   Thumb Code    18  oled.o(.text)
    OLED_W_SDA                               0x08002497   Thumb Code    18  oled.o(.text)
    OLED_GPIO_Init                           0x080024a9   Thumb Code    92  oled.o(.text)
    OLED_I2C_Start                           0x08002505   Thumb Code    28  oled.o(.text)
    OLED_I2C_Stop                            0x08002521   Thumb Code    22  oled.o(.text)
    OLED_I2C_SendByte                        0x08002537   Thumb Code    62  oled.o(.text)
    OLED_WriteCommand                        0x08002575   Thumb Code    32  oled.o(.text)
    OLED_WriteData                           0x08002595   Thumb Code    46  oled.o(.text)
    OLED_SetCursor                           0x080025c3   Thumb Code    34  oled.o(.text)
    OLED_Update                              0x080025e5   Thumb Code    36  oled.o(.text)
    OLED_Clear                               0x08002609   Thumb Code    36  oled.o(.text)
    OLED_Init                                0x0800262d   Thumb Code   154  oled.o(.text)
    OLED_Pow                                 0x080026c7   Thumb Code    20  oled.o(.text)
    OLED_pnpoly                              0x080026db   Thumb Code   140  oled.o(.text)
    OLED_IsInAngle                           0x08002767   Thumb Code   110  oled.o(.text)
    OLED_UpdateArea                          0x080027d5   Thumb Code   120  oled.o(.text)
    OLED_ClearArea                           0x0800284d   Thumb Code   164  oled.o(.text)
    OLED_Reverse                             0x080028f1   Thumb Code    46  oled.o(.text)
    OLED_ReverseArea                         0x0800291f   Thumb Code   140  oled.o(.text)
    OLED_ShowImage                           0x080029ab   Thumb Code   248  oled.o(.text)
    OLED_ShowChar                            0x08002aa3   Thumb Code    74  oled.o(.text)
    OLED_ShowString                          0x08002aed   Thumb Code   442  oled.o(.text)
    OLED_ShowNum                             0x08002ca7   Thumb Code    98  oled.o(.text)
    OLED_ShowSignedNum                       0x08002d09   Thumb Code   112  oled.o(.text)
    OLED_ShowHexNum                          0x08002d79   Thumb Code    96  oled.o(.text)
    OLED_ShowBinNum                          0x08002dd9   Thumb Code    70  oled.o(.text)
    OLED_ShowFloatNum                        0x08002e1f   Thumb Code   210  oled.o(.text)
    OLED_Printf                              0x08002ef1   Thumb Code    50  oled.o(.text)
    OLED_DrawPoint                           0x08002f23   Thumb Code    76  oled.o(.text)
    OLED_GetPoint                            0x08002f6f   Thumb Code    64  oled.o(.text)
    OLED_DrawLine                            0x08002faf   Thumb Code   374  oled.o(.text)
    OLED_DrawRectangle                       0x08003125   Thumb Code   142  oled.o(.text)
    OLED_DrawTriangle                        0x080031b3   Thumb Code   232  oled.o(.text)
    OLED_DrawCircle                          0x0800329b   Thumb Code   356  oled.o(.text)
    OLED_DrawEllipse                         0x080033ff   Thumb Code   806  oled.o(.text)
    OLED_DrawArc                             0x08003725   Thumb Code   624  oled.o(.text)
    strcmp                                   0x08003995   Thumb Code    28  strcmp.o(.text)
    __aeabi_fadd                             0x080039b1   Thumb Code   164  fadd.o(.text)
    __aeabi_fsub                             0x08003a55   Thumb Code     6  fadd.o(.text)
    __aeabi_frsub                            0x08003a5b   Thumb Code     6  fadd.o(.text)
    __aeabi_dadd                             0x08003a61   Thumb Code   322  dadd.o(.text)
    __aeabi_dsub                             0x08003ba3   Thumb Code     6  dadd.o(.text)
    __aeabi_drsub                            0x08003ba9   Thumb Code     6  dadd.o(.text)
    __aeabi_dmul                             0x08003baf   Thumb Code   228  dmul.o(.text)
    __aeabi_ddiv                             0x08003c93   Thumb Code   222  ddiv.o(.text)
    __aeabi_i2f                              0x08003d71   Thumb Code    18  fflti.o(.text)
    __aeabi_i2d                              0x08003d83   Thumb Code    34  dflti.o(.text)
    __aeabi_ui2d                             0x08003da5   Thumb Code    26  dfltui.o(.text)
    __aeabi_d2iz                             0x08003dbf   Thumb Code    62  dfixi.o(.text)
    __aeabi_d2uiz                            0x08003dfd   Thumb Code    50  dfixui.o(.text)
    __aeabi_cdcmpeq                          0x08003e31   Thumb Code     0  cdcmple.o(.text)
    __aeabi_cdcmple                          0x08003e31   Thumb Code    48  cdcmple.o(.text)
    __aeabi_cdrcmple                         0x08003e61   Thumb Code    48  cdrcmple.o(.text)
    __aeabi_d2f                              0x08003e91   Thumb Code    56  d2f.o(.text)
    __aeabi_cfcmpeq                          0x08003ec9   Thumb Code     0  cfcmple.o(.text)
    __aeabi_cfcmple                          0x08003ec9   Thumb Code    20  cfcmple.o(.text)
    __aeabi_uidiv                            0x08003edd   Thumb Code     0  uidiv.o(.text)
    __aeabi_uidivmod                         0x08003edd   Thumb Code    44  uidiv.o(.text)
    __aeabi_uldivmod                         0x08003f09   Thumb Code    98  uldiv.o(.text)
    __aeabi_llsl                             0x08003f6b   Thumb Code    30  llshl.o(.text)
    _ll_shift_l                              0x08003f6b   Thumb Code     0  llshl.o(.text)
    __aeabi_llsr                             0x08003f89   Thumb Code    32  llushr.o(.text)
    _ll_ushift_r                             0x08003f89   Thumb Code     0  llushr.o(.text)
    __aeabi_lasr                             0x08003fa9   Thumb Code    36  llsshr.o(.text)
    _ll_sshift_r                             0x08003fa9   Thumb Code     0  llsshr.o(.text)
    __I$use$fp                               0x08003fcd   Thumb Code     0  iusefp.o(.text)
    _float_round                             0x08003fcd   Thumb Code    18  fepilogue.o(.text)
    _float_epilogue                          0x08003fdf   Thumb Code    92  fepilogue.o(.text)
    _double_round                            0x0800403b   Thumb Code    30  depilogue.o(.text)
    _double_epilogue                         0x08004059   Thumb Code   156  depilogue.o(.text)
    _drnd                                    0x080040f5   Thumb Code   132  drnd.o(.text)
    __aeabi_d2ulz                            0x0800417d   Thumb Code    48  dfixul.o(.text)
    __scatterload                            0x080041ad   Thumb Code    28  init.o(.text)
    __scatterload_rt2                        0x080041ad   Thumb Code     0  init.o(.text)
    __ARM_scalbn                             0x080041d1   Thumb Code    46  dscalb.o(.text)
    scalbn                                   0x080041d1   Thumb Code     0  dscalb.o(.text)
    __0vsprintf                              0x08004201   Thumb Code    30  printfa.o(i.__0vsprintf)
    __1vsprintf                              0x08004201   Thumb Code     0  printfa.o(i.__0vsprintf)
    __2vsprintf                              0x08004201   Thumb Code     0  printfa.o(i.__0vsprintf)
    __c89vsprintf                            0x08004201   Thumb Code     0  printfa.o(i.__0vsprintf)
    vsprintf                                 0x08004201   Thumb Code     0  printfa.o(i.__0vsprintf)
    __ARM_fpclassify                         0x08004225   Thumb Code    40  fpclassify.o(i.__ARM_fpclassify)
    __kernel_poly                            0x0800424d   Thumb Code   170  poly.o(i.__kernel_poly)
    __mathlib_dbl_infnan                     0x080042f7   Thumb Code     6  dunder.o(i.__mathlib_dbl_infnan)
    __mathlib_dbl_infnan2                    0x080042fd   Thumb Code     4  dunder.o(i.__mathlib_dbl_infnan2)
    __mathlib_dbl_underflow                  0x08004301   Thumb Code    10  dunder.o(i.__mathlib_dbl_underflow)
    __scatterload_copy                       0x08004311   Thumb Code    14  handlers.o(i.__scatterload_copy)
    __scatterload_null                       0x0800431f   Thumb Code     2  handlers.o(i.__scatterload_null)
    __scatterload_zeroinit                   0x08004321   Thumb Code    14  handlers.o(i.__scatterload_zeroinit)
    atan                                     0x08004bed   Thumb Code   474  atan.o(i.atan)
    atan2                                    0x08004e0d   Thumb Code   346  atan2.o(i.atan2)
    round                                    0x08004f8d   Thumb Code   136  round.o(i.round)
    OLED_F8x16                               0x08005020   Data        1520  oled_data.o(.constdata)
    OLED_F6x8                                0x08005610   Data         570  oled_data.o(.constdata)
    OLED_CF16x16                             0x0800584a   Data         259  oled_data.o(.constdata)
    Diode                                    0x0800594d   Data          32  oled_data.o(.constdata)
    __mathlib_zero                           0x08005a08   Data           8  qnan.o(.constdata)
    Region$$Table$$Base                      0x08005a10   Number         0  anon$$obj.o(Region$$Table)
    Region$$Table$$Limit                     0x08005a30   Number         0  anon$$obj.o(Region$$Table)
    SystemCoreClock                          0x20000000   Data           4  system_stm32f10x.o(.data)
    AHBPrescTable                            0x20000004   Data          16  system_stm32f10x.o(.data)
    Num                                      0x20000028   Data           2  timer.o(.data)
    CountSenser_Count                        0x2000002a   Data           2  countsenser.o(.data)
    Encoder_Count                            0x2000002c   Data           2  encoder.o(.data)
    Serial_RxFlag                            0x2000002e   Data           1  serial.o(.data)
    Serial_RxPacket                          0x20000034   Data         101  serial.o(.bss)
    OLED_DisplayBuf                          0x20000099   Data        1024  oled.o(.bss)
    __initial_sp                             0x200008a0   Data           0  startup_stm32f10x_md.o(STACK)



==============================================================================

Memory Map of the image

  Image Entry point : 0x080000ed

  Load Region LR_IROM1 (Base: 0x08000000, Size: 0x00005a64, Max: 0x00010000, ABSOLUTE)

    Execution Region ER_IROM1 (Exec base: 0x08000000, Load base: 0x08000000, Size: 0x00005a30, Max: 0x00010000, ABSOLUTE)

    Exec Addr    Load Addr    Size         Type   Attr      Idx    E Section Name        Object

    0x08000000   0x08000000   0x000000ec   Data   RO            3    RESET               startup_stm32f10x_md.o
    0x080000ec   0x080000ec   0x00000000   Code   RO          788  * .ARM.Collect$$$$00000000  mc_w.l(entry.o)
    0x080000ec   0x080000ec   0x00000004   Code   RO          872    .ARM.Collect$$$$00000001  mc_w.l(entry2.o)
    0x080000f0   0x080000f0   0x00000004   Code   RO          875    .ARM.Collect$$$$00000004  mc_w.l(entry5.o)
    0x080000f4   0x080000f4   0x00000000   Code   RO          877    .ARM.Collect$$$$00000008  mc_w.l(entry7b.o)
    0x080000f4   0x080000f4   0x00000000   Code   RO          879    .ARM.Collect$$$$0000000A  mc_w.l(entry8b.o)
    0x080000f4   0x080000f4   0x00000008   Code   RO          880    .ARM.Collect$$$$0000000B  mc_w.l(entry9a.o)
    0x080000fc   0x080000fc   0x00000000   Code   RO          882    .ARM.Collect$$$$0000000D  mc_w.l(entry10a.o)
    0x080000fc   0x080000fc   0x00000000   Code   RO          884    .ARM.Collect$$$$0000000F  mc_w.l(entry11a.o)
    0x080000fc   0x080000fc   0x00000004   Code   RO          873    .ARM.Collect$$$$00002712  mc_w.l(entry2.o)
    0x08000100   0x08000100   0x00000024   Code   RO            4    .text               startup_stm32f10x_md.o
    0x08000124   0x08000124   0x000001e0   Code   RO           24    .text               system_stm32f10x.o
    0x08000304   0x08000304   0x0000006c   Code   RO          121    .text               main.o
    0x08000370   0x08000370   0x0000001a   Code   RO          207    .text               stm32f10x_it.o
    0x0800038a   0x0800038a   0x00000002   PAD
    0x0800038c   0x0800038c   0x000000dc   Code   RO          222    .text               misc.o
    0x08000468   0x08000468   0x0000011c   Code   RO          357    .text               stm32f10x_exti.o
    0x08000584   0x08000584   0x0000035c   Code   RO          402    .text               stm32f10x_gpio.o
    0x080008e0   0x080008e0   0x000003a4   Code   RO          462    .text               stm32f10x_rcc.o
    0x08000c84   0x08000c84   0x00000e1a   Code   RO          524    .text               stm32f10x_tim.o
    0x08001a9e   0x08001a9e   0x00000002   PAD
    0x08001aa0   0x08001aa0   0x00000408   Code   RO          539    .text               stm32f10x_usart.o
    0x08001ea8   0x08001ea8   0x0000005e   Code   RO          569    .text               delay.o
    0x08001f06   0x08001f06   0x00000002   PAD
    0x08001f08   0x08001f08   0x000000dc   Code   RO          581    .text               timer.o
    0x08001fe4   0x08001fe4   0x000000a4   Code   RO          596    .text               led.o
    0x08002088   0x08002088   0x000000b0   Code   RO          644    .text               countsenser.o
    0x08002138   0x08002138   0x00000100   Code   RO          659    .text               encoder.o
    0x08002238   0x08002238   0x0000024c   Code   RO          710    .text               serial.o
    0x08002484   0x08002484   0x00001510   Code   RO          733    .text               oled.o
    0x08003994   0x08003994   0x0000001c   Code   RO          791    .text               mc_w.l(strcmp.o)
    0x080039b0   0x080039b0   0x000000b0   Code   RO          821    .text               mf_w.l(fadd.o)
    0x08003a60   0x08003a60   0x0000014e   Code   RO          823    .text               mf_w.l(dadd.o)
    0x08003bae   0x08003bae   0x000000e4   Code   RO          825    .text               mf_w.l(dmul.o)
    0x08003c92   0x08003c92   0x000000de   Code   RO          827    .text               mf_w.l(ddiv.o)
    0x08003d70   0x08003d70   0x00000012   Code   RO          829    .text               mf_w.l(fflti.o)
    0x08003d82   0x08003d82   0x00000022   Code   RO          831    .text               mf_w.l(dflti.o)
    0x08003da4   0x08003da4   0x0000001a   Code   RO          833    .text               mf_w.l(dfltui.o)
    0x08003dbe   0x08003dbe   0x0000003e   Code   RO          835    .text               mf_w.l(dfixi.o)
    0x08003dfc   0x08003dfc   0x00000032   Code   RO          837    .text               mf_w.l(dfixui.o)
    0x08003e2e   0x08003e2e   0x00000002   PAD
    0x08003e30   0x08003e30   0x00000030   Code   RO          839    .text               mf_w.l(cdcmple.o)
    0x08003e60   0x08003e60   0x00000030   Code   RO          841    .text               mf_w.l(cdrcmple.o)
    0x08003e90   0x08003e90   0x00000038   Code   RO          843    .text               mf_w.l(d2f.o)
    0x08003ec8   0x08003ec8   0x00000014   Code   RO          845    .text               mf_w.l(cfcmple.o)
    0x08003edc   0x08003edc   0x0000002c   Code   RO          887    .text               mc_w.l(uidiv.o)
    0x08003f08   0x08003f08   0x00000062   Code   RO          889    .text               mc_w.l(uldiv.o)
    0x08003f6a   0x08003f6a   0x0000001e   Code   RO          891    .text               mc_w.l(llshl.o)
    0x08003f88   0x08003f88   0x00000020   Code   RO          893    .text               mc_w.l(llushr.o)
    0x08003fa8   0x08003fa8   0x00000024   Code   RO          895    .text               mc_w.l(llsshr.o)
    0x08003fcc   0x08003fcc   0x00000000   Code   RO          904    .text               mc_w.l(iusefp.o)
    0x08003fcc   0x08003fcc   0x0000006e   Code   RO          905    .text               mf_w.l(fepilogue.o)
    0x0800403a   0x0800403a   0x000000ba   Code   RO          907    .text               mf_w.l(depilogue.o)
    0x080040f4   0x080040f4   0x00000088   Code   RO          909    .text               mf_w.l(drnd.o)
    0x0800417c   0x0800417c   0x00000030   Code   RO          911    .text               mf_w.l(dfixul.o)
    0x080041ac   0x080041ac   0x00000024   Code   RO          917    .text               mc_w.l(init.o)
    0x080041d0   0x080041d0   0x0000002e   Code   RO          919    .text               mf_w.l(dscalb.o)
    0x080041fe   0x080041fe   0x00000002   PAD
    0x08004200   0x08004200   0x00000024   Code   RO          800    i.__0vsprintf       mc_w.l(printfa.o)
    0x08004224   0x08004224   0x00000028   Code   RO          913    i.__ARM_fpclassify  m_ws.l(fpclassify.o)
    0x0800424c   0x0800424c   0x000000aa   Code   RO          915    i.__kernel_poly     m_ws.l(poly.o)
    0x080042f6   0x080042f6   0x00000006   Code   RO          858    i.__mathlib_dbl_infnan  m_ws.l(dunder.o)
    0x080042fc   0x080042fc   0x00000004   Code   RO          859    i.__mathlib_dbl_infnan2  m_ws.l(dunder.o)
    0x08004300   0x08004300   0x00000010   Code   RO          863    i.__mathlib_dbl_underflow  m_ws.l(dunder.o)
    0x08004310   0x08004310   0x0000000e   Code   RO          923    i.__scatterload_copy  mc_w.l(handlers.o)
    0x0800431e   0x0800431e   0x00000002   Code   RO          924    i.__scatterload_null  mc_w.l(handlers.o)
    0x08004320   0x08004320   0x0000000e   Code   RO          925    i.__scatterload_zeroinit  mc_w.l(handlers.o)
    0x0800432e   0x0800432e   0x00000002   PAD
    0x08004330   0x08004330   0x00000184   Code   RO          801    i._fp_digits        mc_w.l(printfa.o)
    0x080044b4   0x080044b4   0x000006dc   Code   RO          802    i._printf_core      mc_w.l(printfa.o)
    0x08004b90   0x08004b90   0x00000024   Code   RO          803    i._printf_post_padding  mc_w.l(printfa.o)
    0x08004bb4   0x08004bb4   0x0000002e   Code   RO          804    i._printf_pre_padding  mc_w.l(printfa.o)
    0x08004be2   0x08004be2   0x0000000a   Code   RO          806    i._sputc            mc_w.l(printfa.o)
    0x08004bec   0x08004bec   0x00000220   Code   RO          848    i.atan              m_ws.l(atan.o)
    0x08004e0c   0x08004e0c   0x00000180   Code   RO          779    i.atan2             m_ws.l(atan2.o)
    0x08004f8c   0x08004f8c   0x00000094   Code   RO          786    i.round             m_ws.l(round.o)
    0x08005020   0x08005020   0x0000094d   Data   RO          766    .constdata          oled_data.o
    0x0800596d   0x0800596d   0x00000003   PAD
    0x08005970   0x08005970   0x00000098   Data   RO          849    .constdata          m_ws.l(atan.o)
    0x08005a08   0x08005a08   0x00000008   Data   RO          871    .constdata          m_ws.l(qnan.o)
    0x08005a10   0x08005a10   0x00000020   Data   RO          921    Region$$Table       anon$$obj.o


    Execution Region RW_IRAM1 (Exec base: 0x20000000, Load base: 0x08005a30, Size: 0x000008a0, Max: 0x00005000, ABSOLUTE)

    Exec Addr    Load Addr    Size         Type   Attr      Idx    E Section Name        Object

    0x20000000   0x08005a30   0x00000014   Data   RW           25    .data               system_stm32f10x.o
    0x20000014   0x08005a44   0x00000014   Data   RW          463    .data               stm32f10x_rcc.o
    0x20000028   0x08005a58   0x00000002   Data   RW          582    .data               timer.o
    0x2000002a   0x08005a5a   0x00000002   Data   RW          645    .data               countsenser.o
    0x2000002c   0x08005a5c   0x00000002   Data   RW          660    .data               encoder.o
    0x2000002e   0x08005a5e   0x00000003   Data   RW          712    .data               serial.o
    0x20000031   0x08005a61   0x00000003   PAD
    0x20000034        -       0x00000065   Zero   RW          711    .bss                serial.o
    0x20000099        -       0x00000400   Zero   RW          734    .bss                oled.o
    0x20000499   0x08005a61   0x00000007   PAD
    0x200004a0        -       0x00000400   Zero   RW            1    STACK               startup_stm32f10x_md.o


==============================================================================

Image component sizes


      Code (inc. data)   RO Data    RW Data    ZI Data      Debug   Object Name

         0          0          0          0          0       4500   core_cm3.o
       176         10          0          2          0       1140   countsenser.o
        94          0          0          0          0        820   delay.o
       256          8          0          2          0       1281   encoder.o
       164          6          0          0          0       1117   led.o
       108         32          0          0          0     205887   main.o
       220         22          0          0          0       3329   misc.o
      5392         52          0          0       1024      15299   oled.o
         0          0       2381          0          0       1038   oled_data.o
       588         24          0          3        101       5045   serial.o
        36          8        236          0       1024        792   startup_stm32f10x_md.o
       284         10          0          0          0       4283   stm32f10x_exti.o
       860         38          0          0          0      13945   stm32f10x_gpio.o
        26          0          0          0          0       1186   stm32f10x_it.o
       932         36          0         20          0      17464   stm32f10x_rcc.o
      3610         88          0          0          0      43040   stm32f10x_tim.o
      1032         22          0          0          0      14348   stm32f10x_usart.o
       480         38          0         20          0      45059   system_stm32f10x.o
       220          8          0          2          0       1084   timer.o

    ----------------------------------------------------------------------
     14484        402       2652         52       2156     380657   Object Totals
         0          0         32          0          0          0   (incl. Generated)
         6          0          3          3          7          0   (incl. Padding)

    ----------------------------------------------------------------------

      Code (inc. data)   RO Data    RW Data    ZI Data      Debug   Library Member Name

       544         70        152          0          0        124   atan.o
       384         38          0          0          0        144   atan2.o
        26          6          0          0          0        204   dunder.o
        40          0          0          0          0         68   fpclassify.o
       170          0          0          0          0         96   poly.o
         0          0          8          0          0          0   qnan.o
       148         12          0          0          0         88   round.o
         0          0          0          0          0          0   entry.o
         0          0          0          0          0          0   entry10a.o
         0          0          0          0          0          0   entry11a.o
         8          4          0          0          0          0   entry2.o
         4          0          0          0          0          0   entry5.o
         0          0          0          0          0          0   entry7b.o
         0          0          0          0          0          0   entry8b.o
         8          4          0          0          0          0   entry9a.o
        30          0          0          0          0          0   handlers.o
        36          8          0          0          0         68   init.o
         0          0          0          0          0          0   iusefp.o
        30          0          0          0          0         68   llshl.o
        36          0          0          0          0         68   llsshr.o
        32          0          0          0          0         68   llushr.o
      2272         86          0          0          0        516   printfa.o
        28          0          0          0          0         76   strcmp.o
        44          0          0          0          0         80   uidiv.o
        98          0          0          0          0         92   uldiv.o
        48          0          0          0          0         68   cdcmple.o
        48          0          0          0          0         68   cdrcmple.o
        20          0          0          0          0         68   cfcmple.o
        56          0          0          0          0         88   d2f.o
       334          0          0          0          0        148   dadd.o
       222          0          0          0          0        100   ddiv.o
       186          0          0          0          0        176   depilogue.o
        62          0          0          0          0         80   dfixi.o
        50          0          0          0          0         76   dfixui.o
        48          0          0          0          0         68   dfixul.o
        34          0          0          0          0         76   dflti.o
        26          0          0          0          0         76   dfltui.o
       228          0          0          0          0         96   dmul.o
       136          4          0          0          0         92   drnd.o
        46          0          0          0          0         80   dscalb.o
       176          0          0          0          0        140   fadd.o
       110          0          0          0          0        168   fepilogue.o
        18          0          0          0          0         68   fflti.o

    ----------------------------------------------------------------------
      5792        232        160          0          0       3496   Library Totals
         6          0          0          0          0          0   (incl. Padding)

    ----------------------------------------------------------------------

      Code (inc. data)   RO Data    RW Data    ZI Data      Debug   Library Name

      1312        126        160          0          0        724   m_ws.l
      2626        102          0          0          0       1036   mc_w.l
      1848          4          0          0          0       1736   mf_w.l

    ----------------------------------------------------------------------
      5792        232        160          0          0       3496   Library Totals

    ----------------------------------------------------------------------

==============================================================================


      Code (inc. data)   RO Data    RW Data    ZI Data      Debug   

     20276        634       2812         52       2156     380977   Grand Totals
     20276        634       2812         52       2156     380977   ELF Image Totals
     20276        634       2812         52          0          0   ROM Totals

==============================================================================

    Total RO  Size (Code + RO Data)                23088 (  22.55kB)
    Total RW  Size (RW Data + ZI Data)              2208 (   2.16kB)
    Total ROM Size (Code + RO Data + RW Data)      23140 (  22.60kB)

==============================================================================

