Component: ARM Compiler 5.06 update 5 (build 528) Tool: armlink [4d35e2]

==============================================================================

Section Cross References

    startup_stm32f10x_md.o(RESET) refers to startup_stm32f10x_md.o(STACK) for __initial_sp
    startup_stm32f10x_md.o(RESET) refers to startup_stm32f10x_md.o(.text) for Reset_Handler
    startup_stm32f10x_md.o(RESET) refers to stm32f10x_it.o(.text) for NMI_Handler
    startup_stm32f10x_md.o(RESET) refers to encoder.o(.text) for EXTI0_IRQHandler
    startup_stm32f10x_md.o(RESET) refers to main.o(.text) for TIM2_IRQHandler
    startup_stm32f10x_md.o(RESET) refers to serial.o(.text) for USART1_IRQHandler
    startup_stm32f10x_md.o(RESET) refers to countsenser.o(.text) for EXTI15_10_IRQHandler
    startup_stm32f10x_md.o(.text) refers to system_stm32f10x.o(.text) for SystemInit
    startup_stm32f10x_md.o(.text) refers to entry.o(.ARM.Collect$$$$00000000) for __main
    system_stm32f10x.o(.text) refers to system_stm32f10x.o(.data) for SystemCoreClock
    main.o(.text) refers to oled.o(.text) for OLED_Init
    main.o(.text) refers to led.o(.text) for LED_Init
    main.o(.text) refers to timer.o(.text) for Timer_Init
    main.o(.text) refers to key.o(.text) for Key_Init
    main.o(.text) refers to serial.o(.text) for Serial_Init
    main.o(.text) refers to ei.o(.text) for EI_Init
    main.o(.text) refers to motor.o(.text) for Motor_Init
    main.o(.text) refers to fflti.o(.text) for __aeabi_i2f
    main.o(.text) refers to fmul.o(.text) for __aeabi_fmul
    main.o(.text) refers to fadd.o(.text) for __aeabi_fadd
    main.o(.text) refers to cfrcmple.o(.text) for __aeabi_cfrcmple
    main.o(.text) refers to cfcmple.o(.text) for __aeabi_cfcmpeq
    main.o(.text) refers to f2d.o(.text) for __aeabi_f2d
    main.o(.text) refers to stm32f10x_tim.o(.text) for TIM_GetITStatus
    main.o(.text) refers to ffixi.o(.text) for __aeabi_f2iz
    main.o(.text) refers to serial.o(.data) for Serial_RxFlag
    main.o(.text) refers to main.o(.data) for Target
    main.o(.text) refers to serial.o(.bss) for Serial_RxPacket
    stm32f10x_adc.o(.text) refers to stm32f10x_rcc.o(.text) for RCC_APB2PeriphResetCmd
    stm32f10x_bkp.o(.text) refers to stm32f10x_rcc.o(.text) for RCC_BackupResetCmd
    stm32f10x_can.o(.text) refers to stm32f10x_rcc.o(.text) for RCC_APB1PeriphResetCmd
    stm32f10x_cec.o(.text) refers to stm32f10x_rcc.o(.text) for RCC_APB1PeriphResetCmd
    stm32f10x_dac.o(.text) refers to stm32f10x_rcc.o(.text) for RCC_APB1PeriphResetCmd
    stm32f10x_gpio.o(.text) refers to stm32f10x_rcc.o(.text) for RCC_APB2PeriphResetCmd
    stm32f10x_i2c.o(.text) refers to stm32f10x_rcc.o(.text) for RCC_APB1PeriphResetCmd
    stm32f10x_pwr.o(.text) refers to stm32f10x_rcc.o(.text) for RCC_APB1PeriphResetCmd
    stm32f10x_rcc.o(.text) refers to stm32f10x_rcc.o(.data) for APBAHBPrescTable
    stm32f10x_spi.o(.text) refers to stm32f10x_rcc.o(.text) for RCC_APB2PeriphResetCmd
    stm32f10x_tim.o(.text) refers to stm32f10x_rcc.o(.text) for RCC_APB2PeriphResetCmd
    stm32f10x_usart.o(.text) refers to stm32f10x_rcc.o(.text) for RCC_APB2PeriphResetCmd
    stm32f10x_wwdg.o(.text) refers to stm32f10x_rcc.o(.text) for RCC_APB1PeriphResetCmd
    timer.o(.text) refers to stm32f10x_rcc.o(.text) for RCC_APB1PeriphClockCmd
    timer.o(.text) refers to stm32f10x_tim.o(.text) for TIM_InternalClockConfig
    timer.o(.text) refers to misc.o(.text) for NVIC_PriorityGroupConfig
    led.o(.text) refers to stm32f10x_rcc.o(.text) for RCC_APB2PeriphClockCmd
    led.o(.text) refers to stm32f10x_gpio.o(.text) for GPIO_Init
    key.o(.text) refers to stm32f10x_rcc.o(.text) for RCC_APB2PeriphClockCmd
    key.o(.text) refers to stm32f10x_gpio.o(.text) for GPIO_Init
    key.o(.text) refers to key.o(.data) for Key_Num
    buzzer.o(.text) refers to stm32f10x_rcc.o(.text) for RCC_APB2PeriphClockCmd
    buzzer.o(.text) refers to stm32f10x_gpio.o(.text) for GPIO_Init
    lightsenser.o(.text) refers to stm32f10x_rcc.o(.text) for RCC_APB2PeriphClockCmd
    lightsenser.o(.text) refers to stm32f10x_gpio.o(.text) for GPIO_Init
    countsenser.o(.text) refers to stm32f10x_rcc.o(.text) for RCC_APB2PeriphClockCmd
    countsenser.o(.text) refers to stm32f10x_gpio.o(.text) for GPIO_Init
    countsenser.o(.text) refers to stm32f10x_exti.o(.text) for EXTI_Init
    countsenser.o(.text) refers to misc.o(.text) for NVIC_PriorityGroupConfig
    countsenser.o(.text) refers to delay.o(.text) for Delay_ms
    countsenser.o(.text) refers to countsenser.o(.data) for CountSenser_Count
    encoder.o(.text) refers to stm32f10x_rcc.o(.text) for RCC_APB2PeriphClockCmd
    encoder.o(.text) refers to stm32f10x_gpio.o(.text) for GPIO_Init
    encoder.o(.text) refers to stm32f10x_exti.o(.text) for EXTI_Init
    encoder.o(.text) refers to misc.o(.text) for NVIC_PriorityGroupConfig
    encoder.o(.text) refers to encoder.o(.data) for Encoder_Count
    pwm.o(.text) refers to stm32f10x_rcc.o(.text) for RCC_APB1PeriphClockCmd
[...]
    printfa.o(i.__0vsnprintf) refers to printfa.o(i._snputc) for _snputc
    printfa.o(i.__0vsprintf) refers (Special) to iusefp.o(.text) for __I$use$fp
    printfa.o(i.__0vsprintf) refers to printfa.o(i._printf_core) for _printf_core
    printfa.o(i.__0vsprintf) refers to printfa.o(i._sputc) for _sputc
    printfa.o(i._fp_digits) refers (Special) to iusefp.o(.text) for __I$use$fp
    printfa.o(i._fp_digits) refers to dmul.o(.text) for __aeabi_dmul
    printfa.o(i._fp_digits) refers to ddiv.o(.text) for __aeabi_ddiv
    printfa.o(i._fp_digits) refers to cdrcmple.o(.text) for __aeabi_cdrcmple
    printfa.o(i._fp_digits) refers to dadd.o(.text) for __aeabi_dadd
    printfa.o(i._fp_digits) refers to dfixul.o(.text) for __aeabi_d2ulz
    printfa.o(i._fp_digits) refers to uldiv.o(.text) for __aeabi_uldivmod
    printfa.o(i._printf_core) refers (Special) to iusefp.o(.text) for __I$use$fp
    printfa.o(i._printf_core) refers to printfa.o(i._printf_pre_padding) for _printf_pre_padding
    printfa.o(i._printf_core) refers to uldiv.o(.text) for __aeabi_uldivmod
    printfa.o(i._printf_core) refers to printfa.o(i._printf_post_padding) for _printf_post_padding
    printfa.o(i._printf_core) refers to printfa.o(i._fp_digits) for _fp_digits
    printfa.o(i._printf_core) refers to uidiv.o(.text) for __aeabi_uidivmod
    printfa.o(i._printf_post_padding) refers (Special) to iusefp.o(.text) for __I$use$fp
    printfa.o(i._printf_pre_padding) refers (Special) to iusefp.o(.text) for __I$use$fp
    printfa.o(i._snputc) refers (Special) to iusefp.o(.text) for __I$use$fp
    printfa.o(i._sputc) refers (Special) to iusefp.o(.text) for __I$use$fp
    fadd.o(.text) refers (Special) to iusefp.o(.text) for __I$use$fp
    fadd.o(.text) refers to fepilogue.o(.text) for _float_epilogue
    fmul.o(.text) refers (Special) to iusefp.o(.text) for __I$use$fp
    dadd.o(.text) refers (Special) to iusefp.o(.text) for __I$use$fp
    dadd.o(.text) refers to llshl.o(.text) for __aeabi_llsl
    dadd.o(.text) refers to llsshr.o(.text) for __aeabi_lasr
    dadd.o(.text) refers to depilogue.o(.text) for _double_epilogue
    dmul.o(.text) refers (Special) to iusefp.o(.text) for __I$use$fp
    dmul.o(.text) refers to depilogue.o(.text) for _double_epilogue
    ddiv.o(.text) refers (Special) to iusefp.o(.text) for __I$use$fp
    ddiv.o(.text) refers to depilogue.o(.text) for _double_round
    fflti.o(.text) refers (Special) to iusefp.o(.text) for __I$use$fp
    fflti.o(.text) refers to fepilogue.o(.text) for _float_epilogue
    dflti.o(.text) refers (Special) to iusefp.o(.text) for __I$use$fp
    dflti.o(.text) refers to depilogue.o(.text) for _double_epilogue
    dfltui.o(.text) refers (Special) to iusefp.o(.text) for __I$use$fp
    dfltui.o(.text) refers to depilogue.o(.text) for _double_epilogue
    ffixi.o(.text) refers (Special) to iusefp.o(.text) for __I$use$fp
    dfixi.o(.text) refers (Special) to iusefp.o(.text) for __I$use$fp
    dfixi.o(.text) refers to llushr.o(.text) for __aeabi_llsr
    dfixui.o(.text) refers (Special) to iusefp.o(.text) for __I$use$fp
    dfixui.o(.text) refers to llushr.o(.text) for __aeabi_llsr
    f2d.o(.text) refers (Special) to iusefp.o(.text) for __I$use$fp
    cdcmple.o(.text) refers (Special) to iusefp.o(.text) for __I$use$fp
    cdrcmple.o(.text) refers (Special) to iusefp.o(.text) for __I$use$fp
    d2f.o(.text) refers (Special) to iusefp.o(.text) for __I$use$fp
    d2f.o(.text) refers to fepilogue.o(.text) for _float_round
    cfcmple.o(.text) refers (Special) to iusefp.o(.text) for __I$use$fp
    cfrcmple.o(.text) refers (Special) to iusefp.o(.text) for __I$use$fp
    atan.o(i.__softfp_atan) refers (Special) to iusefp.o(.text) for __I$use$fp
    atan.o(i.__softfp_atan) refers to atan.o(i.atan) for atan
    atan.o(i.atan) refers (Special) to iusefp.o(.text) for __I$use$fp
    atan.o(i.atan) refers to dunder.o(i.__mathlib_dbl_infnan) for __mathlib_dbl_infnan
    atan.o(i.atan) refers to fpclassify.o(i.__ARM_fpclassify) for __ARM_fpclassify
    atan.o(i.atan) refers to dunder.o(i.__mathlib_dbl_underflow) for __mathlib_dbl_underflow
    atan.o(i.atan) refers to dadd.o(.text) for __aeabi_dadd
    atan.o(i.atan) refers to dscalb.o(.text) for __ARM_scalbn
    atan.o(i.atan) refers to ddiv.o(.text) for __aeabi_ddiv
    atan.o(i.atan) refers to dmul.o(.text) for __aeabi_dmul
    atan.o(i.atan) refers to poly.o(i.__kernel_poly) for __kernel_poly
    atan.o(i.atan) refers to atan.o(.constdata) for .constdata
    atan.o(.constdata) refers (Special) to iusefp.o(.text) for __I$use$fp
    atan_x.o(i.____softfp_atan$lsc) refers (Special) to iusefp.o(.text) for __I$use$fp
    atan_x.o(i.____softfp_atan$lsc) refers to atan_x.o(i.__atan$lsc) for __atan$lsc
    atan_x.o(i.__atan$lsc) refers (Special) to iusefp.o(.text) for __I$use$fp
    atan_x.o(i.__atan$lsc) refers to dunder.o(i.__mathlib_dbl_infnan) for __mathlib_dbl_infnan
    atan_x.o(i.__atan$lsc) refers to dadd.o(.text) for __aeabi_dadd
    atan_x.o(i.__atan$lsc) refers to dscalb.o(.text) for __ARM_scalbn
    atan_x.o(i.__atan$lsc) refers to ddiv.o(.text) for __aeabi_ddiv
    atan_x.o(i.__atan$lsc) refers to dmul.o(.text) for __aeabi_dmul
    atan_x.o(i.__atan$lsc) refers to poly.o(i.__kernel_poly) for __kernel_poly
    atan_x.o(i.__atan$lsc) refers to atan_x.o(.constdata) for .constdata
    atan_x.o(.constdata) refers (Special) to iusefp.o(.text) for __I$use$fp
    dunder.o(i.__mathlib_dbl_divzero) refers to ddiv.o(.text) for __aeabi_ddiv
    dunder.o(i.__mathlib_dbl_infnan) refers to dscalb.o(.text) for __ARM_scalbn
    dunder.o(i.__mathlib_dbl_infnan2) refers to dadd.o(.text) for __aeabi_dadd
    dunder.o(i.__mathlib_dbl_invalid) refers to ddiv.o(.text) for __aeabi_ddiv
    dunder.o(i.__mathlib_dbl_overflow) refers to dscalb.o(.text) for __ARM_scalbn
    dunder.o(i.__mathlib_dbl_posinfnan) refers to dmul.o(.text) for __aeabi_dmul
    dunder.o(i.__mathlib_dbl_underflow) refers to dscalb.o(.text) for __ARM_scalbn
    qnan.o(.constdata) refers (Special) to iusefp.o(.text) for __I$use$fp
    entry2.o(.ARM.Collect$$$$00000001) refers to entry2.o(.ARM.Collect$$$$00002712) for __lit__00000000
    entry2.o(.ARM.Collect$$$$00002712) refers to startup_stm32f10x_md.o(STACK) for __initial_sp
    entry2.o(__vectab_stack_and_reset_area) refers to startup_stm32f10x_md.o(STACK) for __initial_sp
    entry2.o(__vectab_stack_and_reset_area) refers to entry.o(.ARM.Collect$$$$00000000) for __main
    entry5.o(.ARM.Collect$$$$00000004) refers to init.o(.text) for __scatterload
    entry9a.o(.ARM.Collect$$$$0000000B) refers to main.o(.text) for main
    entry9b.o(.ARM.Collect$$$$0000000C) refers to main.o(.text) for main
    uldiv.o(.text) refers to llushr.o(.text) for __aeabi_llsr
    uldiv.o(.text) refers to llshl.o(.text) for __aeabi_llsl
    errno.o(i.__aeabi_errno_addr) refers to errno.o(.data) for .data
    errno.o(i.__read_errno) refers to errno.o(.data) for .data
    errno.o(i.__set_errno) refers to errno.o(.data) for .data
    depilogue.o(.text) refers to llshl.o(.text) for __aeabi_llsl
    depilogue.o(.text) refers to llushr.o(.text) for __aeabi_llsr
    drnd.o(.text) refers to llshl.o(.text) for __aeabi_llsl
    drnd.o(.text) refers to llushr.o(.text) for __aeabi_llsr
    drnd.o(.text) refers to depilogue.o(.text) for _double_round
    dfixul.o(.text) refers to llushr.o(.text) for __aeabi_llsr
    dfixul.o(.text) refers to llshl.o(.text) for __aeabi_llsl
    fpclassify.o(i.__ARM_fpclassify) refers (Special) to iusefp.o(.text) for __I$use$fp
    poly.o(i.__kernel_poly) refers (Special) to iusefp.o(.text) for __I$use$fp
    poly.o(i.__kernel_poly) refers to dmul.o(.text) for __aeabi_dmul
    poly.o(i.__kernel_poly) refers to dadd.o(.text) for __aeabi_dadd
    init.o(.text) refers to entry5.o(.ARM.Collect$$$$00000004) for __main_after_scatterload


==============================================================================

Removing Unused input sections from the image.

    Removing startup_stm32f10x_md.o(HEAP), (512 bytes).
    Removing core_cm3.o(.emb_text), (32 bytes).
    Removing stm32f10x_adc.o(.text), (1102 bytes).
    Removing stm32f10x_bkp.o(.text), (196 bytes).
    Removing stm32f10x_can.o(.text), (2544 bytes).
    Removing stm32f10x_cec.o(.text), (288 bytes).
    Removing stm32f10x_crc.o(.text), (72 bytes).
    Removing stm32f10x_dac.o(.text), (396 bytes).
    Removing stm32f10x_dbgmcu.o(.text), (48 bytes).
    Removing stm32f10x_dma.o(.text), (596 bytes).
    Removing stm32f10x_flash.o(.text), (1468 bytes).
    Removing stm32f10x_fsmc.o(.text), (1548 bytes).
    Removing stm32f10x_i2c.o(.text), (1028 bytes).
    Removing stm32f10x_iwdg.o(.text), (64 bytes).
    Removing stm32f10x_pwr.o(.text), (204 bytes).
    Removing stm32f10x_rtc.o(.text), (328 bytes).
    Removing stm32f10x_sdio.o(.text), (468 bytes).
    Removing stm32f10x_spi.o(.text), (780 bytes).
    Removing stm32f10x_wwdg.o(.text), (136 bytes).
    Removing buzzer.o(.text), (120 bytes).
    Removing lightsenser.o(.text), (68 bytes).
    Removing ic.o(.text), (300 bytes).

22 unused section(s) (total 12298 bytes) removed from the image.

==============================================================================

Image Symbol Table

    Local Symbols

    Symbol Name                              Value     Ov Type        Size  Object(Section)

    ../clib/microlib/division.c              0x00000000   Number         0  uldiv.o ABSOLUTE
    ../clib/microlib/division.c              0x00000000   Number         0  uidiv.o ABSOLUTE
    ../clib/microlib/errno.c                 0x00000000   Number         0  errno.o ABSOLUTE
    ../clib/microlib/init/entry.s            0x00000000   Number         0  entry2.o ABSOLUTE
    ../clib/microlib/init/entry.s            0x00000000   Number         0  entry5.o ABSOLUTE
    ../clib/microlib/init/entry.s            0x00000000   Number         0  entry9b.o ABSOLUTE
    ../clib/microlib/init/entry.s            0x00000000   Number         0  entry8b.o ABSOLUTE
    ../clib/microlib/init/entry.s            0x00000000   Number         0  entry7a.o ABSOLUTE
    ../clib/microlib/init/entry.s            0x00000000   Number         0  entry7b.o ABSOLUTE
    ../clib/microlib/init/entry.s            0x00000000   Number         0  entry11a.o ABSOLUTE
    ../clib/microlib/init/entry.s            0x00000000   Number         0  entry9a.o ABSOLUTE
    ../clib/microlib/init/entry.s            0x00000000   Number         0  entry8a.o ABSOLUTE
    ../clib/microlib/init/entry.s            0x00000000   Number         0  entry11b.o ABSOLUTE
    ../clib/microlib/init/entry.s            0x00000000   Number         0  entry10a.o ABSOLUTE
    ../clib/microlib/init/entry.s            0x00000000   Number         0  entry.o ABSOLUTE
    ../clib/microlib/init/entry.s            0x00000000   Number         0  entry10b.o ABSOLUTE
    ../clib/microlib/longlong.c              0x00000000   Number         0  llsshr.o ABSOLUTE
    ../clib/microlib/longlong.c              0x00000000   Number         0  llushr.o ABSOLUTE
    ../clib/microlib/longlong.c              0x00000000   Number         0  llshl.o ABSOLUTE
    ../clib/microlib/printf/printf.c         0x00000000   Number         0  printf6.o ABSOLUTE
    ../clib/microlib/printf/printf.c         0x00000000   Number         0  printf7.o ABSOLUTE
    ../clib/microlib/printf/printf.c         0x00000000   Number         0  printf8.o ABSOLUTE
    ../clib/microlib/printf/printf.c         0x00000000   Number         0  printfa.o ABSOLUTE
    ../clib/microlib/printf/printf.c         0x00000000   Number         0  printf4.o ABSOLUTE
    ../clib/microlib/printf/printf.c         0x00000000   Number         0  printf2.o ABSOLUTE
    ../clib/microlib/printf/printf.c         0x00000000   Number         0  printf3.o ABSOLUTE
    ../clib/microlib/printf/printf.c         0x00000000   Number         0  printf1.o ABSOLUTE
    ../clib/microlib/printf/printf.c         0x00000000   Number         0  printf0.o ABSOLUTE
    ../clib/microlib/printf/printf.c         0x00000000   Number         0  printfb.o ABSOLUTE
    ../clib/microlib/printf/printf.c         0x00000000   Number         0  printf5.o ABSOLUTE
    ../clib/microlib/printf/stubs.s          0x00000000   Number         0  stubs.o ABSOLUTE
    ../clib/microlib/stdio/streams.c         0x00000000   Number         0  stdout.o ABSOLUTE
    ../clib/microlib/string/strcmp.c         0x00000000   Number         0  strcmp.o ABSOLUTE
    ../clib/microlib/stubs.s                 0x00000000   Number         0  iusefp.o ABSOLUTE
    ../fplib/microlib/d2f.c                  0x00000000   Number         0  d2f.o ABSOLUTE
    ../fplib/microlib/f2d.c                  0x00000000   Number         0  f2d.o ABSOLUTE
    ../fplib/microlib/fpadd.c                0x00000000   Number         0  dadd.o ABSOLUTE
    ../fplib/microlib/fpadd.c                0x00000000   Number         0  fadd.o ABSOLUTE
    ../fplib/microlib/fpdiv.c                0x00000000   Number         0  ddiv.o ABSOLUTE
    ../fplib/microlib/fpepilogue.c           0x00000000   Number         0  depilogue.o ABSOLUTE
    ../fplib/microlib/fpepilogue.c           0x00000000   Number         0  fepilogue.o ABSOLUTE
    ../fplib/microlib/fpfix.c                0x00000000   Number         0  dfixui.o ABSOLUTE
    ../fplib/microlib/fpfix.c                0x00000000   Number         0  dfixi.o ABSOLUTE
    ../fplib/microlib/fpfix.c                0x00000000   Number         0  ffixi.o ABSOLUTE
    ../fplib/microlib/fpfix.c                0x00000000   Number         0  dfixul.o ABSOLUTE
    ../fplib/microlib/fpflt.c                0x00000000   Number         0  dfltui.o ABSOLUTE
    ../fplib/microlib/fpflt.c                0x00000000   Number         0  fflti.o ABSOLUTE
    ../fplib/microlib/fpflt.c                0x00000000   Number         0  dflti.o ABSOLUTE
    ../fplib/microlib/fpmul.c                0x00000000   Number         0  dmul.o ABSOLUTE
    ../fplib/microlib/fpmul.c                0x00000000   Number         0  fmul.o ABSOLUTE
    ../fplib/microlib/fprnd.c                0x00000000   Number         0  drnd.o ABSOLUTE
    ../fplib/microlib/fpscalb.c              0x00000000   Number         0  dscalb.o ABSOLUTE
    ../mathlib/atan.c                        0x00000000   Number         0  atan.o ABSOLUTE
    ../mathlib/atan.c                        0x00000000   Number         0  atan_x.o ABSOLUTE
    ../mathlib/atan2.c                       0x00000000   Number         0  atan2_x.o ABSOLUTE
    ../mathlib/atan2.c                       0x00000000   Number         0  atan2.o ABSOLUTE
    ../mathlib/dunder.c                      0x00000000   Number         0  dunder.o ABSOLUTE
    ../mathlib/fpclassify.c                  0x00000000   Number         0  fpclassify.o ABSOLUTE
    ../mathlib/poly.c                        0x00000000   Number         0  poly.o ABSOLUTE
    ../mathlib/qnan.c                        0x00000000   Number         0  qnan.o ABSOLUTE
    ../mathlib/round.c                       0x00000000   Number         0  round.o ABSOLUTE
    Hardware\Buzzer.c                        0x00000000   Number         0  buzzer.o ABSOLUTE
    Hardware\EI.c                            0x00000000   Number         0  ei.o ABSOLUTE
    Hardware\Encoder.c                       0x00000000   Number         0  encoder.o ABSOLUTE
    Hardware\IC.c                            0x00000000   Number         0  ic.o ABSOLUTE
    Hardware\Key.c                           0x00000000   Number         0  key.o ABSOLUTE
    Hardware\LED.c                           0x00000000   Number         0  led.o ABSOLUTE
    Hardware\LightSenser.c                   0x00000000   Number         0  lightsenser.o ABSOLUTE
    Hardware\Motor.c                         0x00000000   Number         0  motor.o ABSOLUTE
    Hardware\OLED.c                          0x00000000   Number         0  oled.o ABSOLUTE
    Hardware\OLED_Data.c                     0x00000000   Number         0  oled_data.o ABSOLUTE
    Hardware\PWM.c                           0x00000000   Number         0  pwm.o ABSOLUTE
    Hardware\Serial.c                        0x00000000   Number         0  serial.o ABSOLUTE
    Library\misc.c                           0x00000000   Number         0  misc.o ABSOLUTE
    Library\stm32f10x_adc.c                  0x00000000   Number         0  stm32f10x_adc.o ABSOLUTE
    Library\stm32f10x_bkp.c                  0x00000000   Number         0  stm32f10x_bkp.o ABSOLUTE
    Library\stm32f10x_can.c                  0x00000000   Number         0  stm32f10x_can.o ABSOLUTE
    Library\stm32f10x_cec.c                  0x00000000   Number         0  stm32f10x_cec.o ABSOLUTE
    Library\stm32f10x_crc.c                  0x00000000   Number         0  stm32f10x_crc.o ABSOLUTE
    Library\stm32f10x_dac.c                  0x00000000   Number         0  stm32f10x_dac.o ABSOLUTE
    Library\stm32f10x_dbgmcu.c               0x00000000   Number         0  stm32f10x_dbgmcu.o ABSOLUTE
    Library\stm32f10x_dma.c                  0x00000000   Number         0  stm32f10x_dma.o ABSOLUTE
    Library\stm32f10x_exti.c                 0x00000000   Number         0  stm32f10x_exti.o ABSOLUTE
    Library\stm32f10x_flash.c                0x00000000   Number         0  stm32f10x_flash.o ABSOLUTE
    Library\stm32f10x_fsmc.c                 0x00000000   Number         0  stm32f10x_fsmc.o ABSOLUTE
    Library\stm32f10x_gpio.c                 0x00000000   Number         0  stm32f10x_gpio.o ABSOLUTE
    Library\stm32f10x_i2c.c                  0x00000000   Number         0  stm32f10x_i2c.o ABSOLUTE
    Library\stm32f10x_iwdg.c                 0x00000000   Number         0  stm32f10x_iwdg.o ABSOLUTE
    Library\stm32f10x_pwr.c                  0x00000000   Number         0  stm32f10x_pwr.o ABSOLUTE
    Library\stm32f10x_rcc.c                  0x00000000   Number         0  stm32f10x_rcc.o ABSOLUTE
    Library\stm32f10x_rtc.c                  0x00000000   Number         0  stm32f10x_rtc.o ABSOLUTE
    Library\stm32f10x_sdio.c                 0x00000000   Number         0  stm32f10x_sdio.o ABSOLUTE
    Library\stm32f10x_spi.c                  0x00000000   Number         0  stm32f10x_spi.o ABSOLUTE
    Library\stm32f10x_tim.c                  0x00000000   Number         0  stm32f10x_tim.o ABSOLUTE
    Library\stm32f10x_usart.c                0x00000000   Number         0  stm32f10x_usart.o ABSOLUTE
    Library\stm32f10x_wwdg.c                 0x00000000   Number         0  stm32f10x_wwdg.o ABSOLUTE
    Start\\core_cm3.c                        0x00000000   Number         0  core_cm3.o ABSOLUTE
    Start\core_cm3.c                         0x00000000   Number         0  core_cm3.o ABSOLUTE
    Start\startup_stm32f10x_md.s             0x00000000   Number         0  startup_stm32f10x_md.o ABSOLUTE
    Start\system_stm32f10x.c                 0x00000000   Number         0  system_stm32f10x.o ABSOLUTE
    System\Delay.c                           0x00000000   Number         0  delay.o ABSOLUTE
    System\Timer.c                           0x00000000   Number         0  timer.o ABSOLUTE
    User\main.c                              0x00000000   Number         0  main.o ABSOLUTE
    User\stm32f10x_it.c                      0x00000000   Number         0  stm32f10x_it.o ABSOLUTE
    cdcmple.s                                0x00000000   Number         0  cdcmple.o ABSOLUTE
    cdrcmple.s                               0x00000000   Number         0  cdrcmple.o ABSOLUTE
    cfcmple.s                                0x00000000   Number         0  cfcmple.o ABSOLUTE
    cfrcmple.s                               0x00000000   Number         0  cfrcmple.o ABSOLUTE
    dc.s                                     0x00000000   Number         0  dc.o ABSOLUTE
    handlers.s                               0x00000000   Number         0  handlers.o ABSOLUTE
    hardware\CountSenser.c                   0x00000000   Number         0  countsenser.o ABSOLUTE
    init.s                                   0x00000000   Number         0  init.o ABSOLUTE
    RESET                                    0x08000000   Section      236  startup_stm32f10x_md.o(RESET)
    .ARM.Collect$$$$00000000                 0x080000ec   Section        0  entry.o(.ARM.Collect$$$$00000000)
    .ARM.Collect$$$$00000001                 0x080000ec   Section        4  entry2.o(.ARM.Collect$$$$00000001)
    .ARM.Collect$$$$00000004                 0x080000f0   Section        4  entry5.o(.ARM.Collect$$$$00000004)
    .ARM.Collect$$$$00000008                 0x080000f4   Section        0  entry7b.o(.ARM.Collect$$$$00000008)
    .ARM.Collect$$$$0000000A                 0x080000f4   Section        0  entry8b.o(.ARM.Collect$$$$0000000A)
    .ARM.Collect$$$$0000000B                 0x080000f4   Section        8  entry9a.o(.ARM.Collect$$$$0000000B)
    .ARM.Collect$$$$0000000D                 0x080000fc   Section        0  entry10a.o(.ARM.Collect$$$$0000000D)
    .ARM.Collect$$$$0000000F                 0x080000fc   Section        0  entry11a.o(.ARM.Collect$$$$0000000F)
    .ARM.Collect$$$$00002712                 0x080000fc   Section        4  entry2.o(.ARM.Collect$$$$00002712)
    __lit__00000000                          0x080000fc   Data           4  entry2.o(.ARM.Collect$$$$00002712)
    .text                                    0x08000100   Section       36  startup_stm32f10x_md.o(.text)
    .text                                    0x08000124   Section        0  system_stm32f10x.o(.text)
    SetSysClockTo72                          0x08000125   Thumb Code   214  system_stm32f10x.o(.text)
    SetSysClock                              0x080001fb   Thumb Code     8  system_stm32f10x.o(.text)
    .text                                    0x08000304   Section        0  main.o(.text)
    .text                                    0x08000688   Section        0  stm32f10x_it.o(.text)
    .text                                    0x080006a4   Section        0  misc.o(.text)
    .text                                    0x08000780   Section        0  stm32f10x_exti.o(.text)
    .text                                    0x0800089c   Section        0  stm32f10x_gpio.o(.text)
    .text                                    0x08000bf8   Section        0  stm32f10x_rcc.o(.text)
    .text                                    0x08000f9c   Section        0  stm32f10x_tim.o(.text)
    TI4_Config                               0x08001443   Thumb Code   130  stm32f10x_tim.o(.text)
    TI3_Config                               0x080014d7   Thumb Code   122  stm32f10x_tim.o(.text)
    TI2_Config                               0x0800156b   Thumb Code   130  stm32f10x_tim.o(.text)
    TI1_Config                               0x080015ff   Thumb Code   108  stm32f10x_tim.o(.text)
    .text                                    0x08001db8   Section        0  stm32f10x_usart.o(.text)
    .text                                    0x080021c0   Section        0  delay.o(.text)
    .text                                    0x0800221e   Section        0  timer.o(.text)
    .text                                    0x08002298   Section        0  led.o(.text)
    .text                                    0x0800233c   Section        0  key.o(.text)
    .text                                    0x080023e4   Section        0  countsenser.o(.text)
    .text                                    0x08002494   Section        0  encoder.o(.text)
    .text                                    0x08002594   Section        0  pwm.o(.text)
    .text                                    0x08002664   Section        0  ei.o(.text)
    .text                                    0x08002774   Section        0  serial.o(.text)
    .text                                    0x08002a10   Section        0  oled.o(.text)
    .text                                    0x08003f20   Section        0  motor.o(.text)
    .text                                    0x08003fd8   Section        0  strcmp.o(.text)
    .text                                    0x08003ff4   Section        0  fadd.o(.text)
    .text                                    0x080040a4   Section        0  fmul.o(.text)
    .text                                    0x08004108   Section        0  dadd.o(.text)
    .text                                    0x08004256   Section        0  dmul.o(.text)
    .text                                    0x0800433a   Section        0  ddiv.o(.text)
    .text                                    0x08004418   Section        0  fflti.o(.text)
    .text                                    0x0800442a   Section        0  dflti.o(.text)
    .text                                    0x0800444c   Section        0  dfltui.o(.text)
    .text                                    0x08004466   Section        0  ffixi.o(.text)
    .text                                    0x08004498   Section        0  dfixi.o(.text)
    .text                                    0x080044d6   Section        0  dfixui.o(.text)
    .text                                    0x08004508   Section        0  f2d.o(.text)
    .text                                    0x08004530   Section       48  cdcmple.o(.text)
    .text                                    0x08004560   Section       48  cdrcmple.o(.text)
    .text                                    0x08004590   Section        0  d2f.o(.text)
    .text                                    0x080045c8   Section       20  cfcmple.o(.text)
    .text                                    0x080045dc   Section       20  cfrcmple.o(.text)
    .text                                    0x080045f0   Section        0  uidiv.o(.text)
    .text                                    0x0800461c   Section        0  uldiv.o(.text)
    .text                                    0x0800467e   Section        0  llshl.o(.text)
    .text                                    0x0800469c   Section        0  llushr.o(.text)
    .text                                    0x080046bc   Section        0  llsshr.o(.text)
    .text                                    0x080046e0   Section        0  fepilogue.o(.text)
    .text                                    0x080046e0   Section        0  iusefp.o(.text)
    .text                                    0x0800474e   Section        0  depilogue.o(.text)
    .text                                    0x08004808   Section        0  drnd.o(.text)
    .text                                    0x08004890   Section        0  dfixul.o(.text)
    .text                                    0x080048c0   Section       36  init.o(.text)
    .text                                    0x080048e4   Section        0  dscalb.o(.text)
    i.__0printf                              0x08004914   Section        0  printfa.o(i.__0printf)
    i.__0vsprintf                            0x08004934   Section        0  printfa.o(i.__0vsprintf)
    i.__ARM_fpclassify                       0x08004958   Section        0  fpclassify.o(i.__ARM_fpclassify)
    i.__kernel_poly                          0x08004980   Section        0  poly.o(i.__kernel_poly)
    i.__mathlib_dbl_infnan                   0x08004a2a   Section        0  dunder.o(i.__mathlib_dbl_infnan)
    i.__mathlib_dbl_infnan2                  0x08004a30   Section        0  dunder.o(i.__mathlib_dbl_infnan2)
    i.__mathlib_dbl_underflow                0x08004a34   Section        0  dunder.o(i.__mathlib_dbl_underflow)
    i.__scatterload_copy                     0x08004a44   Section       14  handlers.o(i.__scatterload_copy)
    i.__scatterload_null                     0x08004a52   Section        2  handlers.o(i.__scatterload_null)
    i.__scatterload_zeroinit                 0x08004a54   Section       14  handlers.o(i.__scatterload_zeroinit)
    i._fp_digits                             0x08004a64   Section        0  printfa.o(i._fp_digits)
    _fp_digits                               0x08004a65   Thumb Code   366  printfa.o(i._fp_digits)
    i._printf_core                           0x08004be8   Section        0  printfa.o(i._printf_core)
    _printf_core                             0x08004be9   Thumb Code  1744  printfa.o(i._printf_core)
    i._printf_post_padding                   0x080052c4   Section        0  printfa.o(i._printf_post_padding)
    _printf_post_padding                     0x080052c5   Thumb Code    36  printfa.o(i._printf_post_padding)
    i._printf_pre_padding                    0x080052e8   Section        0  printfa.o(i._printf_pre_padding)
    _printf_pre_padding                      0x080052e9   Thumb Code    46  printfa.o(i._printf_pre_padding)
    i._sputc                                 0x08005316   Section        0  printfa.o(i._sputc)
    _sputc                                   0x08005317   Thumb Code    10  printfa.o(i._sputc)
    i.atan                                   0x08005320   Section        0  atan.o(i.atan)
    i.atan2                                  0x08005540   Section        0  atan2.o(i.atan2)
    i.round                                  0x080056c0   Section        0  round.o(i.round)
    .constdata                               0x08005754   Section     2381  oled_data.o(.constdata)
    .constdata                               0x080060a8   Section      152  atan.o(.constdata)
    atanhi                                   0x080060a8   Data          32  atan.o(.constdata)
    atanlo                                   0x080060c8   Data          32  atan.o(.constdata)
    aTodd                                    0x080060e8   Data          40  atan.o(.constdata)
    aTeven                                   0x08006110   Data          48  atan.o(.constdata)
    .constdata                               0x08006140   Section        8  qnan.o(.constdata)
    .data                                    0x20000000   Section       20  system_stm32f10x.o(.data)
    .data                                    0x20000014   Section       40  main.o(.data)
    Count                                    0x2000003a   Data           2  main.o(.data)
    .data                                    0x2000003c   Section       20  stm32f10x_rcc.o(.data)
    APBAHBPrescTable                         0x2000003c   Data          16  stm32f10x_rcc.o(.data)
    ADCPrescTable                            0x2000004c   Data           4  stm32f10x_rcc.o(.data)
    .data                                    0x20000050   Section        6  key.o(.data)
    Time                                     0x20000052   Data           2  key.o(.data)
    current                                  0x20000054   Data           1  key.o(.data)
    previous                                 0x20000055   Data           1  key.o(.data)
    .data                                    0x20000056   Section        2  countsenser.o(.data)
    .data                                    0x20000058   Section        2  encoder.o(.data)
    .data                                    0x2000005a   Section        6  serial.o(.data)
    RxState                                  0x2000005b   Data           1  serial.o(.data)
    pRxPacket                                0x2000005c   Data           1  serial.o(.data)
    Time                                     0x2000005e   Data           2  serial.o(.data)
    .data                                    0x20000060   Section        4  stdout.o(.data)
    .bss                                     0x20000064   Section      101  serial.o(.bss)
    .bss                                     0x200000c9   Section     1024  oled.o(.bss)
    STACK                                    0x200004d0   Section     1024  startup_stm32f10x_md.o(STACK)

    Global Symbols

    Symbol Name                              Value     Ov Type        Size  Object(Section)

    BuildAttributes$$THM_ISAv4$P$D$K$B$S$PE$A:L22UL41UL21$X:L11$S22US41US21$IEEE1$IW$USESV6$~STKCKD$USESV7$~SHL$OTIME$ROPI$IEEEX$EBA8$MICROLIB$REQ8$PRES8$EABIv2 0x00000000   Number         0  anon$$obj.o ABSOLUTE
    __ARM_use_no_argv                        0x00000000   Number         0  main.o ABSOLUTE
    _printf_a                                0x00000000   Number         0  stubs.o ABSOLUTE
    _printf_c                                0x00000000   Number         0  stubs.o ABSOLUTE
    _printf_charcount                        0x00000000   Number         0  stubs.o ABSOLUTE
    _printf_d                                0x00000000   Number         0  stubs.o ABSOLUTE
    _printf_e                                0x00000000   Number         0  stubs.o ABSOLUTE
    _printf_f                                0x00000000   Number         0  stubs.o ABSOLUTE
    _printf_flags                            0x00000000   Number         0  stubs.o ABSOLUTE
    _printf_fp_dec                           0x00000000   Number         0  stubs.o ABSOLUTE
    _printf_fp_hex                           0x00000000   Number         0  stubs.o ABSOLUTE
    _printf_g                                0x00000000   Number         0  stubs.o ABSOLUTE
    _printf_i                                0x00000000   Number         0  stubs.o ABSOLUTE
    _printf_int_dec                          0x00000000   Number         0  stubs.o ABSOLUTE
    _printf_l                                0x00000000   Number         0  stubs.o ABSOLUTE
    _printf_lc                               0x00000000   Number         0  stubs.o ABSOLUTE
    _printf_ll                               0x00000000   Number         0  stubs.o ABSOLUTE
    _printf_lld                              0x00000000   Number         0  stubs.o ABSOLUTE
    _printf_lli                              0x00000000   Number         0  stubs.o ABSOLUTE
    _printf_llo                              0x00000000   Number         0  stubs.o ABSOLUTE
    _printf_llu                              0x00000000   Number         0  stubs.o ABSOLUTE
    _printf_llx                              0x00000000   Number         0  stubs.o ABSOLUTE
    _printf_longlong_dec                     0x00000000   Number         0  stubs.o ABSOLUTE
    _printf_longlong_hex                     0x00000000   Number         0  stubs.o ABSOLUTE
    _printf_longlong_oct                     0x00000000   Number         0  stubs.o ABSOLUTE
    _printf_ls                               0x00000000   Number         0  stubs.o ABSOLUTE
    _printf_mbtowc                           0x00000000   Number         0  stubs.o ABSOLUTE
    _printf_n                                0x00000000   Number         0  stubs.o ABSOLUTE
    _printf_o                                0x00000000   Number         0  stubs.o ABSOLUTE
    _printf_p                                0x00000000   Number         0  stubs.o ABSOLUTE
    _printf_percent                          0x00000000   Number         0  stubs.o ABSOLUTE
    _printf_pre_padding                      0x00000000   Number         0  stubs.o ABSOLUTE
    _printf_return_value                     0x00000000   Number         0  stubs.o ABSOLUTE
    _printf_s                                0x00000000   Number         0  stubs.o ABSOLUTE
    _printf_sizespec                         0x00000000   Number         0  stubs.o ABSOLUTE
    _printf_str                              0x00000000   Number         0  stubs.o ABSOLUTE
    _printf_truncate_signed                  0x00000000   Number         0  stubs.o ABSOLUTE
    _printf_truncate_unsigned                0x00000000   Number         0  stubs.o ABSOLUTE
    _printf_u                                0x00000000   Number         0  stubs.o ABSOLUTE
    _printf_wc                               0x00000000   Number         0  stubs.o ABSOLUTE
    _printf_wctomb                           0x00000000   Number         0  stubs.o ABSOLUTE
    _printf_widthprec                        0x00000000   Number         0  stubs.o ABSOLUTE
    _printf_x                                0x00000000   Number         0  stubs.o ABSOLUTE
    __cpp_initialize__aeabi_                  - Undefined Weak Reference
    __cxa_finalize                            - Undefined Weak Reference
    __decompress                              - Undefined Weak Reference
    _clock_init                               - Undefined Weak Reference
    _microlib_exit                            - Undefined Weak Reference
    __Vectors_Size                           0x000000ec   Number         0  startup_stm32f10x_md.o ABSOLUTE
    __Vectors                                0x08000000   Data           4  startup_stm32f10x_md.o(RESET)
    __Vectors_End                            0x080000ec   Data           0  startup_stm32f10x_md.o(RESET)
    __main                                   0x080000ed   Thumb Code     0  entry.o(.ARM.Collect$$$$00000000)
    _main_stk                                0x080000ed   Thumb Code     0  entry2.o(.ARM.Collect$$$$00000001)
    _main_scatterload                        0x080000f1   Thumb Code     0  entry5.o(.ARM.Collect$$$$00000004)
    __main_after_scatterload                 0x080000f5   Thumb Code     0  entry5.o(.ARM.Collect$$$$00000004)
    _main_clock                              0x080000f5   Thumb Code     0  entry7b.o(.ARM.Collect$$$$00000008)
    _main_cpp_init                           0x080000f5   Thumb Code     0  entry8b.o(.ARM.Collect$$$$0000000A)
    _main_init                               0x080000f5   Thumb Code     0  entry9a.o(.ARM.Collect$$$$0000000B)
    __rt_final_cpp                           0x080000fd   Thumb Code     0  entry10a.o(.ARM.Collect$$$$0000000D)
    __rt_final_exit                          0x080000fd   Thumb Code     0  entry11a.o(.ARM.Collect$$$$0000000F)
    Reset_Handler                            0x08000101   Thumb Code     8  startup_stm32f10x_md.o(.text)
    ADC1_2_IRQHandler                        0x0800011b   Thumb Code     0  startup_stm32f10x_md.o(.text)
    CAN1_RX1_IRQHandler                      0x0800011b   Thumb Code     0  startup_stm32f10x_md.o(.text)
    CAN1_SCE_IRQHandler                      0x0800011b   Thumb Code     0  startup_stm32f10x_md.o(.text)
    DMA1_Channel1_IRQHandler                 0x0800011b   Thumb Code     0  startup_stm32f10x_md.o(.text)
    DMA1_Channel2_IRQHandler                 0x0800011b   Thumb Code     0  startup_stm32f10x_md.o(.text)
    DMA1_Channel3_IRQHandler                 0x0800011b   Thumb Code     0  startup_stm32f10x_md.o(.text)
    DMA1_Channel4_IRQHandler                 0x0800011b   Thumb Code     0  startup_stm32f10x_md.o(.text)
    DMA1_Channel5_IRQHandler                 0x0800011b   Thumb Code     0  startup_stm32f10x_md.o(.text)
    DMA1_Channel6_IRQHandler                 0x0800011b   Thumb Code     0  startup_stm32f10x_md.o(.text)
    DMA1_Channel7_IRQHandler                 0x0800011b   Thumb Code     0  startup_stm32f10x_md.o(.text)
    EXTI2_IRQHandler                         0x0800011b   Thumb Code     0  startup_stm32f10x_md.o(.text)
    EXTI3_IRQHandler                         0x0800011b   Thumb Code     0  startup_stm32f10x_md.o(.text)
    EXTI4_IRQHandler                         0x0800011b   Thumb Code     0  startup_stm32f10x_md.o(.text)
    EXTI9_5_IRQHandler                       0x0800011b   Thumb Code     0  startup_stm32f10x_md.o(.text)
    FLASH_IRQHandler                         0x0800011b   Thumb Code     0  startup_stm32f10x_md.o(.text)
    I2C1_ER_IRQHandler                       0x0800011b   Thumb Code     0  startup_stm32f10x_md.o(.text)
    I2C1_EV_IRQHandler                       0x0800011b   Thumb Code     0  startup_stm32f10x_md.o(.text)
    I2C2_ER_IRQHandler                       0x0800011b   Thumb Code     0  startup_stm32f10x_md.o(.text)
    I2C2_EV_IRQHandler                       0x0800011b   Thumb Code     0  startup_stm32f10x_md.o(.text)
    PVD_IRQHandler                           0x0800011b   Thumb Code     0  startup_stm32f10x_md.o(.text)
    RCC_IRQHandler                           0x0800011b   Thumb Code     0  startup_stm32f10x_md.o(.text)
    RTCAlarm_IRQHandler                      0x0800011b   Thumb Code     0  startup_stm32f10x_md.o(.text)
    RTC_IRQHandler                           0x0800011b   Thumb Code     0  startup_stm32f10x_md.o(.text)
    SPI1_IRQHandler                          0x0800011b   Thumb Code     0  startup_stm32f10x_md.o(.text)
    SPI2_IRQHandler                          0x0800011b   Thumb Code     0  startup_stm32f10x_md.o(.text)
    TAMPER_IRQHandler                        0x0800011b   Thumb Code     0  startup_stm32f10x_md.o(.text)
    TIM1_BRK_IRQHandler                      0x0800011b   Thumb Code     0  startup_stm32f10x_md.o(.text)
    TIM1_CC_IRQHandler                       0x0800011b   Thumb Code     0  startup_stm32f10x_md.o(.text)
    TIM1_TRG_COM_IRQHandler                  0x0800011b   Thumb Code     0  startup_stm32f10x_md.o(.text)
    TIM1_UP_IRQHandler                       0x0800011b   Thumb Code     0  startup_stm32f10x_md.o(.text)
    TIM3_IRQHandler                          0x0800011b   Thumb Code     0  startup_stm32f10x_md.o(.text)
    TIM4_IRQHandler                          0x0800011b   Thumb Code     0  startup_stm32f10x_md.o(.text)
    USART2_IRQHandler                        0x0800011b   Thumb Code     0  startup_stm32f10x_md.o(.text)
    USART3_IRQHandler                        0x0800011b   Thumb Code     0  startup_stm32f10x_md.o(.text)
    USBWakeUp_IRQHandler                     0x0800011b   Thumb Code     0  startup_stm32f10x_md.o(.text)
    USB_HP_CAN1_TX_IRQHandler                0x0800011b   Thumb Code     0  startup_stm32f10x_md.o(.text)
    USB_LP_CAN1_RX0_IRQHandler               0x0800011b   Thumb Code     0  startup_stm32f10x_md.o(.text)
    WWDG_IRQHandler                          0x0800011b   Thumb Code     0  startup_stm32f10x_md.o(.text)
    SystemInit                               0x08000203   Thumb Code    78  system_stm32f10x.o(.text)
    SystemCoreClockUpdate                    0x08000251   Thumb Code   142  system_stm32f10x.o(.text)
    main                                     0x08000305   Thumb Code   452  main.o(.text)
    TIM2_IRQHandler                          0x080004c9   Thumb Code   308  main.o(.text)
    NMI_Handler                              0x08000689   Thumb Code     2  stm32f10x_it.o(.text)
    HardFault_Handler                        0x0800068b   Thumb Code     4  stm32f10x_it.o(.text)
    MemManage_Handler                        0x0800068f   Thumb Code     4  stm32f10x_it.o(.text)
    BusFault_Handler                         0x08000693   Thumb Code     4  stm32f10x_it.o(.text)
    UsageFault_Handler                       0x08000697   Thumb Code     4  stm32f10x_it.o(.text)
    SVC_Handler                              0x0800069b   Thumb Code     2  stm32f10x_it.o(.text)
    DebugMon_Handler                         0x0800069d   Thumb Code     2  stm32f10x_it.o(.text)
    PendSV_Handler                           0x0800069f   Thumb Code     2  stm32f10x_it.o(.text)
    SysTick_Handler                          0x080006a1   Thumb Code     2  stm32f10x_it.o(.text)
    NVIC_PriorityGroupConfig                 0x080006a5   Thumb Code    10  misc.o(.text)
    NVIC_Init                                0x080006af   Thumb Code   100  misc.o(.text)
    NVIC_SetVectorTable                      0x08000713   Thumb Code    14  misc.o(.text)
    NVIC_SystemLPConfig                      0x08000721   Thumb Code    34  misc.o(.text)
    SysTick_CLKSourceConfig                  0x08000743   Thumb Code    40  misc.o(.text)
    EXTI_DeInit                              0x08000781   Thumb Code    28  stm32f10x_exti.o(.text)
    EXTI_Init                                0x0800079d   Thumb Code   142  stm32f10x_exti.o(.text)
    EXTI_StructInit                          0x0800082b   Thumb Code    16  stm32f10x_exti.o(.text)
    EXTI_GenerateSWInterrupt                 0x0800083b   Thumb Code    16  stm32f10x_exti.o(.text)
    EXTI_GetFlagStatus                       0x0800084b   Thumb Code    22  stm32f10x_exti.o(.text)
    EXTI_ClearFlag                           0x08000861   Thumb Code     8  stm32f10x_exti.o(.text)
    EXTI_GetITStatus                         0x08000869   Thumb Code    34  stm32f10x_exti.o(.text)
    EXTI_ClearITPendingBit                   0x0800088b   Thumb Code     8  stm32f10x_exti.o(.text)
    GPIO_DeInit                              0x0800089d   Thumb Code   172  stm32f10x_gpio.o(.text)
    GPIO_AFIODeInit                          0x08000949   Thumb Code    20  stm32f10x_gpio.o(.text)
    GPIO_Init                                0x0800095d   Thumb Code   278  stm32f10x_gpio.o(.text)
    GPIO_StructInit                          0x08000a73   Thumb Code    16  stm32f10x_gpio.o(.text)
    GPIO_ReadInputDataBit                    0x08000a83   Thumb Code    18  stm32f10x_gpio.o(.text)
    GPIO_ReadInputData                       0x08000a95   Thumb Code     8  stm32f10x_gpio.o(.text)
    GPIO_ReadOutputDataBit                   0x08000a9d   Thumb Code    18  stm32f10x_gpio.o(.text)
    GPIO_ReadOutputData                      0x08000aaf   Thumb Code     8  stm32f10x_gpio.o(.text)
    GPIO_SetBits                             0x08000ab7   Thumb Code     4  stm32f10x_gpio.o(.text)
    GPIO_ResetBits                           0x08000abb   Thumb Code     4  stm32f10x_gpio.o(.text)
    GPIO_WriteBit                            0x08000abf   Thumb Code    10  stm32f10x_gpio.o(.text)
    GPIO_Write                               0x08000ac9   Thumb Code     4  stm32f10x_gpio.o(.text)
    GPIO_PinLockConfig                       0x08000acd   Thumb Code    18  stm32f10x_gpio.o(.text)
    GPIO_EventOutputConfig                   0x08000adf   Thumb Code    26  stm32f10x_gpio.o(.text)
    GPIO_EventOutputCmd                      0x08000af9   Thumb Code     6  stm32f10x_gpio.o(.text)
    GPIO_PinRemapConfig                      0x08000aff   Thumb Code   138  stm32f10x_gpio.o(.text)
    GPIO_EXTILineConfig                      0x08000b89   Thumb Code    66  stm32f10x_gpio.o(.text)
    GPIO_ETH_MediaInterfaceConfig            0x08000bcb   Thumb Code     8  stm32f10x_gpio.o(.text)
    RCC_DeInit                               0x08000bf9   Thumb Code    64  stm32f10x_rcc.o(.text)
    RCC_HSEConfig                            0x08000c39   Thumb Code    70  stm32f10x_rcc.o(.text)
    RCC_GetFlagStatus                        0x08000c7f   Thumb Code    56  stm32f10x_rcc.o(.text)
    RCC_WaitForHSEStartUp                    0x08000cb7   Thumb Code    56  stm32f10x_rcc.o(.text)
    RCC_AdjustHSICalibrationValue            0x08000cef   Thumb Code    20  stm32f10x_rcc.o(.text)
    RCC_HSICmd                               0x08000d03   Thumb Code     6  stm32f10x_rcc.o(.text)
    RCC_PLLConfig                            0x08000d09   Thumb Code    24  stm32f10x_rcc.o(.text)
    RCC_PLLCmd                               0x08000d21   Thumb Code     6  stm32f10x_rcc.o(.text)
    RCC_SYSCLKConfig                         0x08000d27   Thumb Code    18  stm32f10x_rcc.o(.text)
    RCC_GetSYSCLKSource                      0x08000d39   Thumb Code    10  stm32f10x_rcc.o(.text)
    RCC_HCLKConfig                           0x08000d43   Thumb Code    18  stm32f10x_rcc.o(.text)
    RCC_PCLK1Config                          0x08000d55   Thumb Code    18  stm32f10x_rcc.o(.text)
    RCC_PCLK2Config                          0x08000d67   Thumb Code    20  stm32f10x_rcc.o(.text)
    RCC_ITConfig                             0x08000d7b   Thumb Code    26  stm32f10x_rcc.o(.text)
    RCC_USBCLKConfig                         0x08000d95   Thumb Code     8  stm32f10x_rcc.o(.text)
    RCC_ADCCLKConfig                         0x08000d9d   Thumb Code    18  stm32f10x_rcc.o(.text)
    RCC_LSEConfig                            0x08000daf   Thumb Code    50  stm32f10x_rcc.o(.text)
    RCC_LSICmd                               0x08000de1   Thumb Code     6  stm32f10x_rcc.o(.text)
    RCC_RTCCLKConfig                         0x08000de7   Thumb Code    12  stm32f10x_rcc.o(.text)
    RCC_RTCCLKCmd                            0x08000df3   Thumb Code     8  stm32f10x_rcc.o(.text)
    RCC_GetClocksFreq                        0x08000dfb   Thumb Code   192  stm32f10x_rcc.o(.text)
    RCC_AHBPeriphClockCmd                    0x08000ebb   Thumb Code    26  stm32f10x_rcc.o(.text)
    RCC_APB2PeriphClockCmd                   0x08000ed5   Thumb Code    26  stm32f10x_rcc.o(.text)
    RCC_APB1PeriphClockCmd                   0x08000eef   Thumb Code    26  stm32f10x_rcc.o(.text)
    RCC_APB2PeriphResetCmd                   0x08000f09   Thumb Code    26  stm32f10x_rcc.o(.text)
    RCC_APB1PeriphResetCmd                   0x08000f23   Thumb Code    26  stm32f10x_rcc.o(.text)
    RCC_BackupResetCmd                       0x08000f3d   Thumb Code     8  stm32f10x_rcc.o(.text)
    RCC_ClockSecuritySystemCmd               0x08000f45   Thumb Code     6  stm32f10x_rcc.o(.text)
    RCC_MCOConfig                            0x08000f4b   Thumb Code     6  stm32f10x_rcc.o(.text)
    RCC_ClearFlag                            0x08000f51   Thumb Code    14  stm32f10x_rcc.o(.text)
    RCC_GetITStatus                          0x08000f5f   Thumb Code    20  stm32f10x_rcc.o(.text)
    RCC_ClearITPendingBit                    0x08000f73   Thumb Code     6  stm32f10x_rcc.o(.text)
    TIM_DeInit                               0x08000f9d   Thumb Code   424  stm32f10x_tim.o(.text)
    TIM_TimeBaseInit                         0x08001145   Thumb Code   122  stm32f10x_tim.o(.text)
    TIM_OC1Init                              0x080011bf   Thumb Code   132  stm32f10x_tim.o(.text)
    TIM_OC2Init                              0x08001243   Thumb Code   154  stm32f10x_tim.o(.text)
    TIM_OC3Init                              0x080012dd   Thumb Code   150  stm32f10x_tim.o(.text)
    TIM_OC4Init                              0x08001373   Thumb Code   182  stm32f10x_tim.o(.text)
    TIM_SetIC4Prescaler                      0x08001429   Thumb Code    26  stm32f10x_tim.o(.text)
    TIM_SetIC3Prescaler                      0x080014c5   Thumb Code    18  stm32f10x_tim.o(.text)
    TIM_SetIC2Prescaler                      0x08001551   Thumb Code    26  stm32f10x_tim.o(.text)
    TIM_SetIC1Prescaler                      0x080015ed   Thumb Code    18  stm32f10x_tim.o(.text)
    TIM_ICInit                               0x0800166b   Thumb Code   150  stm32f10x_tim.o(.text)
    TIM_PWMIConfig                           0x08001701   Thumb Code   124  stm32f10x_tim.o(.text)
    TIM_BDTRConfig                           0x0800177d   Thumb Code    32  stm32f10x_tim.o(.text)
    TIM_TimeBaseStructInit                   0x0800179d   Thumb Code    18  stm32f10x_tim.o(.text)
    TIM_OCStructInit                         0x080017af   Thumb Code    20  stm32f10x_tim.o(.text)
    TIM_ICStructInit                         0x080017c3   Thumb Code    18  stm32f10x_tim.o(.text)
    TIM_BDTRStructInit                       0x080017d5   Thumb Code    40  stm32f10x_tim.o(.text)
    TIM_Cmd                                  0x080017fd   Thumb Code    24  stm32f10x_tim.o(.text)
    TIM_CtrlPWMOutputs                       0x08001815   Thumb Code    30  stm32f10x_tim.o(.text)
    TIM_ITConfig                             0x08001833   Thumb Code    18  stm32f10x_tim.o(.text)
    TIM_GenerateEvent                        0x08001845   Thumb Code     4  stm32f10x_tim.o(.text)
    TIM_DMAConfig                            0x08001849   Thumb Code    10  stm32f10x_tim.o(.text)
    TIM_DMACmd                               0x08001853   Thumb Code    18  stm32f10x_tim.o(.text)
    TIM_InternalClockConfig                  0x08001865   Thumb Code    12  stm32f10x_tim.o(.text)
    TIM_SelectInputTrigger                   0x08001871   Thumb Code    18  stm32f10x_tim.o(.text)
    TIM_ITRxExternalClockConfig              0x08001883   Thumb Code    24  stm32f10x_tim.o(.text)
    TIM_TIxExternalClockConfig               0x0800189b   Thumb Code    62  stm32f10x_tim.o(.text)
    TIM_ETRConfig                            0x080018d9   Thumb Code    28  stm32f10x_tim.o(.text)
    TIM_ETRClockMode1Config                  0x080018f5   Thumb Code    54  stm32f10x_tim.o(.text)
    TIM_ETRClockMode2Config                  0x0800192b   Thumb Code    32  stm32f10x_tim.o(.text)
    TIM_PrescalerConfig                      0x0800194b   Thumb Code     6  stm32f10x_tim.o(.text)
    TIM_CounterModeConfig                    0x08001951   Thumb Code    18  stm32f10x_tim.o(.text)
    TIM_EncoderInterfaceConfig               0x08001963   Thumb Code    66  stm32f10x_tim.o(.text)
    TIM_ForcedOC1Config                      0x080019a5   Thumb Code    18  stm32f10x_tim.o(.text)
    TIM_ForcedOC2Config                      0x080019b7   Thumb Code    26  stm32f10x_tim.o(.text)
    TIM_ForcedOC3Config                      0x080019d1   Thumb Code    18  stm32f10x_tim.o(.text)
    TIM_ForcedOC4Config                      0x080019e3   Thumb Code    26  stm32f10x_tim.o(.text)
    TIM_ARRPreloadConfig                     0x080019fd   Thumb Code    24  stm32f10x_tim.o(.text)
    TIM_SelectCOM                            0x08001a15   Thumb Code    24  stm32f10x_tim.o(.text)
    TIM_SelectCCDMA                          0x08001a2d   Thumb Code    24  stm32f10x_tim.o(.text)
    TIM_CCPreloadControl                     0x08001a45   Thumb Code    24  stm32f10x_tim.o(.text)
    TIM_OC1PreloadConfig                     0x08001a5d   Thumb Code    18  stm32f10x_tim.o(.text)
    TIM_OC2PreloadConfig                     0x08001a6f   Thumb Code    26  stm32f10x_tim.o(.text)
    TIM_OC3PreloadConfig                     0x08001a89   Thumb Code    18  stm32f10x_tim.o(.text)
    TIM_OC4PreloadConfig                     0x08001a9b   Thumb Code    26  stm32f10x_tim.o(.text)
    TIM_OC1FastConfig                        0x08001ab5   Thumb Code    18  stm32f10x_tim.o(.text)
    TIM_OC2FastConfig                        0x08001ac7   Thumb Code    26  stm32f10x_tim.o(.text)
    TIM_OC3FastConfig                        0x08001ae1   Thumb Code    18  stm32f10x_tim.o(.text)
    TIM_OC4FastConfig                        0x08001af3   Thumb Code    26  stm32f10x_tim.o(.text)
    TIM_ClearOC1Ref                          0x08001b0d   Thumb Code    18  stm32f10x_tim.o(.text)
    TIM_ClearOC2Ref                          0x08001b1f   Thumb Code    24  stm32f10x_tim.o(.text)
    TIM_ClearOC3Ref                          0x08001b37   Thumb Code    18  stm32f10x_tim.o(.text)
    TIM_ClearOC4Ref                          0x08001b49   Thumb Code    24  stm32f10x_tim.o(.text)
    TIM_OC1PolarityConfig                    0x08001b61   Thumb Code    18  stm32f10x_tim.o(.text)
    TIM_OC1NPolarityConfig                   0x08001b73   Thumb Code    18  stm32f10x_tim.o(.text)
    TIM_OC2PolarityConfig                    0x08001b85   Thumb Code    26  stm32f10x_tim.o(.text)
    TIM_OC2NPolarityConfig                   0x08001b9f   Thumb Code    26  stm32f10x_tim.o(.text)
    TIM_OC3PolarityConfig                    0x08001bb9   Thumb Code    26  stm32f10x_tim.o(.text)
    TIM_OC3NPolarityConfig                   0x08001bd3   Thumb Code    26  stm32f10x_tim.o(.text)
    TIM_OC4PolarityConfig                    0x08001bed   Thumb Code    26  stm32f10x_tim.o(.text)
    TIM_CCxCmd                               0x08001c07   Thumb Code    30  stm32f10x_tim.o(.text)
    TIM_CCxNCmd                              0x08001c25   Thumb Code    30  stm32f10x_tim.o(.text)
    TIM_SelectOCxM                           0x08001c43   Thumb Code    82  stm32f10x_tim.o(.text)
    TIM_UpdateDisableConfig                  0x08001c95   Thumb Code    24  stm32f10x_tim.o(.text)
    TIM_UpdateRequestConfig                  0x08001cad   Thumb Code    24  stm32f10x_tim.o(.text)
    TIM_SelectHallSensor                     0x08001cc5   Thumb Code    24  stm32f10x_tim.o(.text)
    TIM_SelectOnePulseMode                   0x08001cdd   Thumb Code    18  stm32f10x_tim.o(.text)
    TIM_SelectOutputTrigger                  0x08001cef   Thumb Code    18  stm32f10x_tim.o(.text)
    TIM_SelectSlaveMode                      0x08001d01   Thumb Code    18  stm32f10x_tim.o(.text)
    TIM_SelectMasterSlaveMode                0x08001d13   Thumb Code    18  stm32f10x_tim.o(.text)
    TIM_SetCounter                           0x08001d25   Thumb Code     4  stm32f10x_tim.o(.text)
    TIM_SetAutoreload                        0x08001d29   Thumb Code     4  stm32f10x_tim.o(.text)
    TIM_SetCompare1                          0x08001d2d   Thumb Code     4  stm32f10x_tim.o(.text)
    TIM_SetCompare2                          0x08001d31   Thumb Code     4  stm32f10x_tim.o(.text)
    TIM_SetCompare3                          0x08001d35   Thumb Code     4  stm32f10x_tim.o(.text)
    TIM_SetCompare4                          0x08001d39   Thumb Code     6  stm32f10x_tim.o(.text)
    TIM_SetClockDivision                     0x08001d3f   Thumb Code    18  stm32f10x_tim.o(.text)
    TIM_GetCapture1                          0x08001d51   Thumb Code     6  stm32f10x_tim.o(.text)
    TIM_GetCapture2                          0x08001d57   Thumb Code     6  stm32f10x_tim.o(.text)
    TIM_GetCapture3                          0x08001d5d   Thumb Code     6  stm32f10x_tim.o(.text)
    TIM_GetCapture4                          0x08001d63   Thumb Code     8  stm32f10x_tim.o(.text)
    TIM_GetCounter                           0x08001d6b   Thumb Code     6  stm32f10x_tim.o(.text)
    TIM_GetPrescaler                         0x08001d71   Thumb Code     6  stm32f10x_tim.o(.text)
    TIM_GetFlagStatus                        0x08001d77   Thumb Code    18  stm32f10x_tim.o(.text)
    TIM_ClearFlag                            0x08001d89   Thumb Code     6  stm32f10x_tim.o(.text)
    TIM_GetITStatus                          0x08001d8f   Thumb Code    34  stm32f10x_tim.o(.text)
    TIM_ClearITPendingBit                    0x08001db1   Thumb Code     6  stm32f10x_tim.o(.text)
    USART_DeInit                             0x08001db9   Thumb Code   134  stm32f10x_usart.o(.text)
    USART_Init                               0x08001e3f   Thumb Code   210  stm32f10x_usart.o(.text)
    USART_StructInit                         0x08001f11   Thumb Code    24  stm32f10x_usart.o(.text)
    USART_ClockInit                          0x08001f29   Thumb Code    34  stm32f10x_usart.o(.text)
    USART_ClockStructInit                    0x08001f4b   Thumb Code    12  stm32f10x_usart.o(.text)
    USART_Cmd                                0x08001f57   Thumb Code    24  stm32f10x_usart.o(.text)
    USART_ITConfig                           0x08001f6f   Thumb Code    74  stm32f10x_usart.o(.text)
    USART_DMACmd                             0x08001fb9   Thumb Code    18  stm32f10x_usart.o(.text)
    USART_SetAddress                         0x08001fcb   Thumb Code    18  stm32f10x_usart.o(.text)
    USART_WakeUpConfig                       0x08001fdd   Thumb Code    18  stm32f10x_usart.o(.text)
    USART_ReceiverWakeUpCmd                  0x08001fef   Thumb Code    24  stm32f10x_usart.o(.text)
    USART_LINBreakDetectLengthConfig         0x08002007   Thumb Code    18  stm32f10x_usart.o(.text)
    USART_LINCmd                             0x08002019   Thumb Code    24  stm32f10x_usart.o(.text)
    USART_SendData                           0x08002031   Thumb Code     8  stm32f10x_usart.o(.text)
    USART_ReceiveData                        0x08002039   Thumb Code    10  stm32f10x_usart.o(.text)
    USART_SendBreak                          0x08002043   Thumb Code    10  stm32f10x_usart.o(.text)
    USART_SetGuardTime                       0x0800204d   Thumb Code    16  stm32f10x_usart.o(.text)
    USART_SetPrescaler                       0x0800205d   Thumb Code    16  stm32f10x_usart.o(.text)
    USART_SmartCardCmd                       0x0800206d   Thumb Code    24  stm32f10x_usart.o(.text)
    USART_SmartCardNACKCmd                   0x08002085   Thumb Code    24  stm32f10x_usart.o(.text)
    USART_HalfDuplexCmd                      0x0800209d   Thumb Code    24  stm32f10x_usart.o(.text)
    USART_OverSampling8Cmd                   0x080020b5   Thumb Code    22  stm32f10x_usart.o(.text)
    USART_OneBitMethodCmd                    0x080020cb   Thumb Code    24  stm32f10x_usart.o(.text)
    USART_IrDAConfig                         0x080020e3   Thumb Code    18  stm32f10x_usart.o(.text)
    USART_IrDACmd                            0x080020f5   Thumb Code    24  stm32f10x_usart.o(.text)
    USART_GetFlagStatus                      0x0800210d   Thumb Code    26  stm32f10x_usart.o(.text)
    USART_ClearFlag                          0x08002127   Thumb Code    18  stm32f10x_usart.o(.text)
    USART_GetITStatus                        0x08002139   Thumb Code    84  stm32f10x_usart.o(.text)
    USART_ClearITPendingBit                  0x0800218d   Thumb Code    52  stm32f10x_usart.o(.text)
    Delay_us                                 0x080021c1   Thumb Code    46  delay.o(.text)
    Delay_ms                                 0x080021ef   Thumb Code    24  delay.o(.text)
    Delay_s                                  0x08002207   Thumb Code    24  delay.o(.text)
    Timer_Init                               0x0800221f   Thumb Code   120  timer.o(.text)
    LED_Init                                 0x08002299   Thumb Code    46  led.o(.text)
    LED_ON1                                  0x080022c7   Thumb Code    12  led.o(.text)
    LED_OFF1                                 0x080022d3   Thumb Code    12  led.o(.text)
    LED_ON2                                  0x080022df   Thumb Code    12  led.o(.text)
    LED_OFF2                                 0x080022eb   Thumb Code    12  led.o(.text)
    LED1_Turn                                0x080022f7   Thumb Code    32  led.o(.text)
    LED2_Turn                                0x08002317   Thumb Code    32  led.o(.text)
    Key_Init                                 0x0800233d   Thumb Code    38  key.o(.text)
    Key_GetNum                               0x08002363   Thumb Code    24  key.o(.text)
    Key_GetState                             0x0800237b   Thumb Code    20  key.o(.text)
    Key_Tick                                 0x0800238f   Thumb Code    66  key.o(.text)
    CountSenser_Init                         0x080023e5   Thumb Code   120  countsenser.o(.text)
    CountSenser_Get                          0x0800245d   Thumb Code     6  countsenser.o(.text)
    EXTI15_10_IRQHandler                     0x08002463   Thumb Code    40  countsenser.o(.text)
    Encoder_Init                             0x08002495   Thumb Code   150  encoder.o(.text)
    EXTI0_IRQHandler                         0x0800252b   Thumb Code    42  encoder.o(.text)
    EXTI1_IRQHandler                         0x08002555   Thumb Code    42  encoder.o(.text)
    Encoder_Get                              0x0800257f   Thumb Code    14  encoder.o(.text)
    PWM_Init                                 0x08002595   Thumb Code   154  pwm.o(.text)
    PWM_SetCompare                           0x0800262f   Thumb Code    32  pwm.o(.text)
    PWM_SetPSC                               0x0800264f   Thumb Code    18  pwm.o(.text)
    EI_Init                                  0x08002665   Thumb Code   212  ei.o(.text)
    EI_GetTim3                               0x08002739   Thumb Code    22  ei.o(.text)
    EI_GetTim4                               0x0800274f   Thumb Code    22  ei.o(.text)
    Serial_Init                              0x08002775   Thumb Code   170  serial.o(.text)
    USART1_IRQHandler                        0x0800281f   Thumb Code   138  serial.o(.text)
    Serial_SendByte                          0x080028a9   Thumb Code    28  serial.o(.text)
    Serial_SendArray                         0x080028c5   Thumb Code    42  serial.o(.text)
    Serial_SendString                        0x080028ef   Thumb Code    42  serial.o(.text)
    Serial_Pow                               0x08002919   Thumb Code    20  serial.o(.text)
    Serial_SendNum                           0x0800292d   Thumb Code    74  serial.o(.text)
    fputc                                    0x08002977   Thumb Code    16  serial.o(.text)
    Serial_Printf                            0x08002987   Thumb Code    36  serial.o(.text)
    Serial_Tick                              0x080029ab   Thumb Code    62  serial.o(.text)
    OLED_W_SCL                               0x08002a11   Thumb Code    18  oled.o(.text)
    OLED_W_SDA                               0x08002a23   Thumb Code    18  oled.o(.text)
    OLED_GPIO_Init                           0x08002a35   Thumb Code    92  oled.o(.text)
    OLED_I2C_Start                           0x08002a91   Thumb Code    28  oled.o(.text)
    OLED_I2C_Stop                            0x08002aad   Thumb Code    22  oled.o(.text)
    OLED_I2C_SendByte                        0x08002ac3   Thumb Code    62  oled.o(.text)
    OLED_WriteCommand                        0x08002b01   Thumb Code    32  oled.o(.text)
    OLED_WriteData                           0x08002b21   Thumb Code    46  oled.o(.text)
    OLED_SetCursor                           0x08002b4f   Thumb Code    34  oled.o(.text)
    OLED_Update                              0x08002b71   Thumb Code    36  oled.o(.text)
    OLED_Clear                               0x08002b95   Thumb Code    36  oled.o(.text)
    OLED_Init                                0x08002bb9   Thumb Code   154  oled.o(.text)
    OLED_Pow                                 0x08002c53   Thumb Code    20  oled.o(.text)
    OLED_pnpoly                              0x08002c67   Thumb Code   140  oled.o(.text)
    OLED_IsInAngle                           0x08002cf3   Thumb Code   110  oled.o(.text)
    OLED_UpdateArea                          0x08002d61   Thumb Code   120  oled.o(.text)
    OLED_ClearArea                           0x08002dd9   Thumb Code   164  oled.o(.text)
    OLED_Reverse                             0x08002e7d   Thumb Code    46  oled.o(.text)
    OLED_ReverseArea                         0x08002eab   Thumb Code   140  oled.o(.text)
    OLED_ShowImage                           0x08002f37   Thumb Code   248  oled.o(.text)
    OLED_ShowChar                            0x0800302f   Thumb Code    74  oled.o(.text)
    OLED_ShowString                          0x08003079   Thumb Code   442  oled.o(.text)
    OLED_ShowNum                             0x08003233   Thumb Code    98  oled.o(.text)
    OLED_ShowSignedNum                       0x08003295   Thumb Code   112  oled.o(.text)
    OLED_ShowHexNum                          0x08003305   Thumb Code    96  oled.o(.text)
    OLED_ShowBinNum                          0x08003365   Thumb Code    70  oled.o(.text)
    OLED_ShowFloatNum                        0x080033ab   Thumb Code   210  oled.o(.text)
    OLED_Printf                              0x0800347d   Thumb Code    50  oled.o(.text)
    OLED_DrawPoint                           0x080034af   Thumb Code    76  oled.o(.text)
    OLED_GetPoint                            0x080034fb   Thumb Code    64  oled.o(.text)
    OLED_DrawLine                            0x0800353b   Thumb Code   374  oled.o(.text)
    OLED_DrawRectangle                       0x080036b1   Thumb Code   142  oled.o(.text)
    OLED_DrawTriangle                        0x0800373f   Thumb Code   232  oled.o(.text)
    OLED_DrawCircle                          0x08003827   Thumb Code   356  oled.o(.text)
    OLED_DrawEllipse                         0x0800398b   Thumb Code   806  oled.o(.text)
    OLED_DrawArc                             0x08003cb1   Thumb Code   624  oled.o(.text)
    Motor_Init                               0x08003f21   Thumb Code    44  motor.o(.text)
    Motor_SetSpeed                           0x08003f4d   Thumb Code   136  motor.o(.text)
    strcmp                                   0x08003fd9   Thumb Code    28  strcmp.o(.text)
    __aeabi_fadd                             0x08003ff5   Thumb Code   164  fadd.o(.text)
    __aeabi_fsub                             0x08004099   Thumb Code     6  fadd.o(.text)
    __aeabi_frsub                            0x0800409f   Thumb Code     6  fadd.o(.text)
    __aeabi_fmul                             0x080040a5   Thumb Code   100  fmul.o(.text)
    __aeabi_dadd                             0x08004109   Thumb Code   322  dadd.o(.text)
    __aeabi_dsub                             0x0800424b   Thumb Code     6  dadd.o(.text)
    __aeabi_drsub                            0x08004251   Thumb Code     6  dadd.o(.text)
    __aeabi_dmul                             0x08004257   Thumb Code   228  dmul.o(.text)
    __aeabi_ddiv                             0x0800433b   Thumb Code   222  ddiv.o(.text)
    __aeabi_i2f                              0x08004419   Thumb Code    18  fflti.o(.text)
    __aeabi_i2d                              0x0800442b   Thumb Code    34  dflti.o(.text)
    __aeabi_ui2d                             0x0800444d   Thumb Code    26  dfltui.o(.text)
    __aeabi_f2iz                             0x08004467   Thumb Code    50  ffixi.o(.text)
    __aeabi_d2iz                             0x08004499   Thumb Code    62  dfixi.o(.text)
    __aeabi_d2uiz                            0x080044d7   Thumb Code    50  dfixui.o(.text)
    __aeabi_f2d                              0x08004509   Thumb Code    38  f2d.o(.text)
    __aeabi_cdcmpeq                          0x08004531   Thumb Code     0  cdcmple.o(.text)
    __aeabi_cdcmple                          0x08004531   Thumb Code    48  cdcmple.o(.text)
    __aeabi_cdrcmple                         0x08004561   Thumb Code    48  cdrcmple.o(.text)
    __aeabi_d2f                              0x08004591   Thumb Code    56  d2f.o(.text)
    __aeabi_cfcmpeq                          0x080045c9   Thumb Code     0  cfcmple.o(.text)
    __aeabi_cfcmple                          0x080045c9   Thumb Code    20  cfcmple.o(.text)
    __aeabi_cfrcmple                         0x080045dd   Thumb Code    20  cfrcmple.o(.text)
    __aeabi_uidiv                            0x080045f1   Thumb Code     0  uidiv.o(.text)
    __aeabi_uidivmod                         0x080045f1   Thumb Code    44  uidiv.o(.text)
    __aeabi_uldivmod                         0x0800461d   Thumb Code    98  uldiv.o(.text)
    __aeabi_llsl                             0x0800467f   Thumb Code    30  llshl.o(.text)
    _ll_shift_l                              0x0800467f   Thumb Code     0  llshl.o(.text)
    __aeabi_llsr                             0x0800469d   Thumb Code    32  llushr.o(.text)
    _ll_ushift_r                             0x0800469d   Thumb Code     0  llushr.o(.text)
    __aeabi_lasr                             0x080046bd   Thumb Code    36  llsshr.o(.text)
    _ll_sshift_r                             0x080046bd   Thumb Code     0  llsshr.o(.text)
    __I$use$fp                               0x080046e1   Thumb Code     0  iusefp.o(.text)
    _float_round                             0x080046e1   Thumb Code    18  fepilogue.o(.text)
    _float_epilogue                          0x080046f3   Thumb Code    92  fepilogue.o(.text)
    _double_round                            0x0800474f   Thumb Code    30  depilogue.o(.text)
    _double_epilogue                         0x0800476d   Thumb Code   156  depilogue.o(.text)
    _drnd                                    0x08004809   Thumb Code   132  drnd.o(.text)
    __aeabi_d2ulz                            0x08004891   Thumb Code    48  dfixul.o(.text)
    __scatterload                            0x080048c1   Thumb Code    28  init.o(.text)
    __scatterload_rt2                        0x080048c1   Thumb Code     0  init.o(.text)
    __ARM_scalbn                             0x080048e5   Thumb Code    46  dscalb.o(.text)
    scalbn                                   0x080048e5   Thumb Code     0  dscalb.o(.text)
    __0printf                                0x08004915   Thumb Code    22  printfa.o(i.__0printf)
    __1printf                                0x08004915   Thumb Code     0  printfa.o(i.__0printf)
    __2printf                                0x08004915   Thumb Code     0  printfa.o(i.__0printf)
    __c89printf                              0x08004915   Thumb Code     0  printfa.o(i.__0printf)
    printf                                   0x08004915   Thumb Code     0  printfa.o(i.__0printf)
    __0vsprintf                              0x08004935   Thumb Code    30  printfa.o(i.__0vsprintf)
    __1vsprintf                              0x08004935   Thumb Code     0  printfa.o(i.__0vsprintf)
    __2vsprintf                              0x08004935   Thumb Code     0  printfa.o(i.__0vsprintf)
    __c89vsprintf                            0x08004935   Thumb Code     0  printfa.o(i.__0vsprintf)
    vsprintf                                 0x08004935   Thumb Code     0  printfa.o(i.__0vsprintf)
    __ARM_fpclassify                         0x08004959   Thumb Code    40  fpclassify.o(i.__ARM_fpclassify)
    __kernel_poly                            0x08004981   Thumb Code   170  poly.o(i.__kernel_poly)
    __mathlib_dbl_infnan                     0x08004a2b   Thumb Code     6  dunder.o(i.__mathlib_dbl_infnan)
    __mathlib_dbl_infnan2                    0x08004a31   Thumb Code     4  dunder.o(i.__mathlib_dbl_infnan2)
    __mathlib_dbl_underflow                  0x08004a35   Thumb Code    10  dunder.o(i.__mathlib_dbl_underflow)
    __scatterload_copy                       0x08004a45   Thumb Code    14  handlers.o(i.__scatterload_copy)
    __scatterload_null                       0x08004a53   Thumb Code     2  handlers.o(i.__scatterload_null)
    __scatterload_zeroinit                   0x08004a55   Thumb Code    14  handlers.o(i.__scatterload_zeroinit)
    atan                                     0x08005321   Thumb Code   474  atan.o(i.atan)
    atan2                                    0x08005541   Thumb Code   346  atan2.o(i.atan2)
    round                                    0x080056c1   Thumb Code   136  round.o(i.round)
    OLED_F8x16                               0x08005754   Data        1520  oled_data.o(.constdata)
    OLED_F6x8                                0x08005d44   Data         570  oled_data.o(.constdata)
    OLED_CF16x16                             0x08005f7e   Data         259  oled_data.o(.constdata)
    Diode                                    0x08006081   Data          32  oled_data.o(.constdata)
    __mathlib_zero                           0x08006140   Data           8  qnan.o(.constdata)
    Region$$Table$$Base                      0x08006148   Number         0  anon$$obj.o(Region$$Table)
    Region$$Table$$Limit                     0x08006168   Number         0  anon$$obj.o(Region$$Table)
    SystemCoreClock                          0x20000000   Data           4  system_stm32f10x.o(.data)
    AHBPrescTable                            0x20000004   Data          16  system_stm32f10x.o(.data)
    Target                                   0x20000014   Data           4  main.o(.data)
    Actual                                   0x20000018   Data           4  main.o(.data)
    Out                                      0x2000001c   Data           4  main.o(.data)
    Kp                                       0x20000020   Data           4  main.o(.data)
    Ki                                       0x20000024   Data           4  main.o(.data)
    Kd                                       0x20000028   Data           4  main.o(.data)
    Error0                                   0x2000002c   Data           4  main.o(.data)
    Error1                                   0x20000030   Data           4  main.o(.data)
    Error2                                   0x20000034   Data           4  main.o(.data)
    Actual_mode                              0x20000038   Data           2  main.o(.data)
    Key_Num                                  0x20000050   Data           1  key.o(.data)
    CountSenser_Count                        0x20000056   Data           2  countsenser.o(.data)
    Encoder_Count                            0x20000058   Data           2  encoder.o(.data)
    Serial_RxFlag                            0x2000005a   Data           1  serial.o(.data)
    __stdout                                 0x20000060   Data           4  stdout.o(.data)
    Serial_RxPacket                          0x20000064   Data         101  serial.o(.bss)
    OLED_DisplayBuf                          0x200000c9   Data        1024  oled.o(.bss)
    __initial_sp                             0x200008d0   Data           0  startup_stm32f10x_md.o(STACK)



==============================================================================

Memory Map of the image

  Image Entry point : 0x080000ed

  Load Region LR_IROM1 (Base: 0x08000000, Size: 0x000061cc, Max: 0x00010000, ABSOLUTE)

    Execution Region ER_IROM1 (Exec base: 0x08000000, Load base: 0x08000000, Size: 0x00006168, Max: 0x00010000, ABSOLUTE)

    Exec Addr    Load Addr    Size         Type   Attr      Idx    E Section Name        Object

    0x08000000   0x08000000   0x000000ec   Data   RO            3    RESET               startup_stm32f10x_md.o
    0x080000ec   0x080000ec   0x00000000   Code   RO          813  * .ARM.Collect$$$$00000000  mc_w.l(entry.o)
    0x080000ec   0x080000ec   0x00000004   Code   RO         1138    .ARM.Collect$$$$00000001  mc_w.l(entry2.o)
    0x080000f0   0x080000f0   0x00000004   Code   RO         1141    .ARM.Collect$$$$00000004  mc_w.l(entry5.o)
    0x080000f4   0x080000f4   0x00000000   Code   RO         1143    .ARM.Collect$$$$00000008  mc_w.l(entry7b.o)
    0x080000f4   0x080000f4   0x00000000   Code   RO         1145    .ARM.Collect$$$$0000000A  mc_w.l(entry8b.o)
    0x080000f4   0x080000f4   0x00000008   Code   RO         1146    .ARM.Collect$$$$0000000B  mc_w.l(entry9a.o)
    0x080000fc   0x080000fc   0x00000000   Code   RO         1148    .ARM.Collect$$$$0000000D  mc_w.l(entry10a.o)
    0x080000fc   0x080000fc   0x00000000   Code   RO         1150    .ARM.Collect$$$$0000000F  mc_w.l(entry11a.o)
    0x080000fc   0x080000fc   0x00000004   Code   RO         1139    .ARM.Collect$$$$00002712  mc_w.l(entry2.o)
    0x08000100   0x08000100   0x00000024   Code   RO            4    .text               startup_stm32f10x_md.o
    0x08000124   0x08000124   0x000001e0   Code   RO           24    .text               system_stm32f10x.o
    0x08000304   0x08000304   0x00000384   Code   RO          121    .text               main.o
    0x08000688   0x08000688   0x0000001a   Code   RO          213    .text               stm32f10x_it.o
    0x080006a2   0x080006a2   0x00000002   PAD
    0x080006a4   0x080006a4   0x000000dc   Code   RO          228    .text               misc.o
    0x08000780   0x08000780   0x0000011c   Code   RO          363    .text               stm32f10x_exti.o
    0x0800089c   0x0800089c   0x0000035c   Code   RO          408    .text               stm32f10x_gpio.o
    0x08000bf8   0x08000bf8   0x000003a4   Code   RO          468    .text               stm32f10x_rcc.o
    0x08000f9c   0x08000f9c   0x00000e1a   Code   RO          530    .text               stm32f10x_tim.o
    0x08001db6   0x08001db6   0x00000002   PAD
    0x08001db8   0x08001db8   0x00000408   Code   RO          545    .text               stm32f10x_usart.o
    0x080021c0   0x080021c0   0x0000005e   Code   RO          575    .text               delay.o
    0x0800221e   0x0800221e   0x00000078   Code   RO          587    .text               timer.o
    0x08002296   0x08002296   0x00000002   PAD
    0x08002298   0x08002298   0x000000a4   Code   RO          599    .text               led.o
    0x0800233c   0x0800233c   0x000000a8   Code   RO          611    .text               key.o
    0x080023e4   0x080023e4   0x000000b0   Code   RO          650    .text               countsenser.o
    0x08002494   0x08002494   0x00000100   Code   RO          665    .text               encoder.o
    0x08002594   0x08002594   0x000000d0   Code   RO          680    .text               pwm.o
    0x08002664   0x08002664   0x00000110   Code   RO          704    .text               ei.o
    0x08002774   0x08002774   0x0000029c   Code   RO          716    .text               serial.o
    0x08002a10   0x08002a10   0x00001510   Code   RO          750    .text               oled.o
    0x08003f20   0x08003f20   0x000000b8   Code   RO          788    .text               motor.o
    0x08003fd8   0x08003fd8   0x0000001c   Code   RO          816    .text               mc_w.l(strcmp.o)
    0x08003ff4   0x08003ff4   0x000000b0   Code   RO         1079    .text               mf_w.l(fadd.o)
    0x080040a4   0x080040a4   0x00000064   Code   RO         1081    .text               mf_w.l(fmul.o)
    0x08004108   0x08004108   0x0000014e   Code   RO         1083    .text               mf_w.l(dadd.o)
    0x08004256   0x08004256   0x000000e4   Code   RO         1085    .text               mf_w.l(dmul.o)
    0x0800433a   0x0800433a   0x000000de   Code   RO         1087    .text               mf_w.l(ddiv.o)
    0x08004418   0x08004418   0x00000012   Code   RO         1089    .text               mf_w.l(fflti.o)
    0x0800442a   0x0800442a   0x00000022   Code   RO         1091    .text               mf_w.l(dflti.o)
    0x0800444c   0x0800444c   0x0000001a   Code   RO         1093    .text               mf_w.l(dfltui.o)
    0x08004466   0x08004466   0x00000032   Code   RO         1095    .text               mf_w.l(ffixi.o)
    0x08004498   0x08004498   0x0000003e   Code   RO         1097    .text               mf_w.l(dfixi.o)
    0x080044d6   0x080044d6   0x00000032   Code   RO         1099    .text               mf_w.l(dfixui.o)
    0x08004508   0x08004508   0x00000026   Code   RO         1101    .text               mf_w.l(f2d.o)
    0x0800452e   0x0800452e   0x00000002   PAD
    0x08004530   0x08004530   0x00000030   Code   RO         1103    .text               mf_w.l(cdcmple.o)
    0x08004560   0x08004560   0x00000030   Code   RO         1105    .text               mf_w.l(cdrcmple.o)
    0x08004590   0x08004590   0x00000038   Code   RO         1107    .text               mf_w.l(d2f.o)
    0x080045c8   0x080045c8   0x00000014   Code   RO         1109    .text               mf_w.l(cfcmple.o)
    0x080045dc   0x080045dc   0x00000014   Code   RO         1111    .text               mf_w.l(cfrcmple.o)
    0x080045f0   0x080045f0   0x0000002c   Code   RO         1153    .text               mc_w.l(uidiv.o)
    0x0800461c   0x0800461c   0x00000062   Code   RO         1155    .text               mc_w.l(uldiv.o)
    0x0800467e   0x0800467e   0x0000001e   Code   RO         1157    .text               mc_w.l(llshl.o)
    0x0800469c   0x0800469c   0x00000020   Code   RO         1159    .text               mc_w.l(llushr.o)
    0x080046bc   0x080046bc   0x00000024   Code   RO         1161    .text               mc_w.l(llsshr.o)
    0x080046e0   0x080046e0   0x00000000   Code   RO         1170    .text               mc_w.l(iusefp.o)
    0x080046e0   0x080046e0   0x0000006e   Code   RO         1171    .text               mf_w.l(fepilogue.o)
    0x0800474e   0x0800474e   0x000000ba   Code   RO         1173    .text               mf_w.l(depilogue.o)
    0x08004808   0x08004808   0x00000088   Code   RO         1175    .text               mf_w.l(drnd.o)
    0x08004890   0x08004890   0x00000030   Code   RO         1177    .text               mf_w.l(dfixul.o)
    0x080048c0   0x080048c0   0x00000024   Code   RO         1183    .text               mc_w.l(init.o)
    0x080048e4   0x080048e4   0x0000002e   Code   RO         1185    .text               mf_w.l(dscalb.o)
    0x08004912   0x08004912   0x00000002   PAD
    0x08004914   0x08004914   0x00000020   Code   RO         1051    i.__0printf         mc_w.l(printfa.o)
    0x08004934   0x08004934   0x00000024   Code   RO         1057    i.__0vsprintf       mc_w.l(printfa.o)
    0x08004958   0x08004958   0x00000028   Code   RO         1179    i.__ARM_fpclassify  m_ws.l(fpclassify.o)
    0x08004980   0x08004980   0x000000aa   Code   RO         1181    i.__kernel_poly     m_ws.l(poly.o)
    0x08004a2a   0x08004a2a   0x00000006   Code   RO         1124    i.__mathlib_dbl_infnan  m_ws.l(dunder.o)
    0x08004a30   0x08004a30   0x00000004   Code   RO         1125    i.__mathlib_dbl_infnan2  m_ws.l(dunder.o)
    0x08004a34   0x08004a34   0x00000010   Code   RO         1129    i.__mathlib_dbl_underflow  m_ws.l(dunder.o)
    0x08004a44   0x08004a44   0x0000000e   Code   RO         1189    i.__scatterload_copy  mc_w.l(handlers.o)
    0x08004a52   0x08004a52   0x00000002   Code   RO         1190    i.__scatterload_null  mc_w.l(handlers.o)
    0x08004a54   0x08004a54   0x0000000e   Code   RO         1191    i.__scatterload_zeroinit  mc_w.l(handlers.o)
    0x08004a62   0x08004a62   0x00000002   PAD
    0x08004a64   0x08004a64   0x00000184   Code   RO         1058    i._fp_digits        mc_w.l(printfa.o)
    0x08004be8   0x08004be8   0x000006dc   Code   RO         1059    i._printf_core      mc_w.l(printfa.o)
    0x080052c4   0x080052c4   0x00000024   Code   RO         1060    i._printf_post_padding  mc_w.l(printfa.o)
    0x080052e8   0x080052e8   0x0000002e   Code   RO         1061    i._printf_pre_padding  mc_w.l(printfa.o)
    0x08005316   0x08005316   0x0000000a   Code   RO         1063    i._sputc            mc_w.l(printfa.o)
    0x08005320   0x08005320   0x00000220   Code   RO         1114    i.atan              m_ws.l(atan.o)
    0x08005540   0x08005540   0x00000180   Code   RO          804    i.atan2             m_ws.l(atan2.o)
    0x080056c0   0x080056c0   0x00000094   Code   RO          811    i.round             m_ws.l(round.o)
    0x08005754   0x08005754   0x0000094d   Data   RO          776    .constdata          oled_data.o
    0x080060a1   0x080060a1   0x00000007   PAD
    0x080060a8   0x080060a8   0x00000098   Data   RO         1115    .constdata          m_ws.l(atan.o)
    0x08006140   0x08006140   0x00000008   Data   RO         1137    .constdata          m_ws.l(qnan.o)
    0x08006148   0x08006148   0x00000020   Data   RO         1187    Region$$Table       anon$$obj.o


    Execution Region RW_IRAM1 (Exec base: 0x20000000, Load base: 0x08006168, Size: 0x000008d0, Max: 0x00005000, ABSOLUTE)

    Exec Addr    Load Addr    Size         Type   Attr      Idx    E Section Name        Object

    0x20000000   0x08006168   0x00000014   Data   RW           25    .data               system_stm32f10x.o
    0x20000014   0x0800617c   0x00000028   Data   RW          122    .data               main.o
    0x2000003c   0x080061a4   0x00000014   Data   RW          469    .data               stm32f10x_rcc.o
    0x20000050   0x080061b8   0x00000006   Data   RW          612    .data               key.o
    0x20000056   0x080061be   0x00000002   Data   RW          651    .data               countsenser.o
    0x20000058   0x080061c0   0x00000002   Data   RW          666    .data               encoder.o
    0x2000005a   0x080061c2   0x00000006   Data   RW          718    .data               serial.o
    0x20000060   0x080061c8   0x00000004   Data   RW         1152    .data               mc_w.l(stdout.o)
    0x20000064        -       0x00000065   Zero   RW          717    .bss                serial.o
    0x200000c9        -       0x00000400   Zero   RW          751    .bss                oled.o
    0x200004c9   0x080061cc   0x00000007   PAD
    0x200004d0        -       0x00000400   Zero   RW            1    STACK               startup_stm32f10x_md.o


==============================================================================

Image component sizes


      Code (inc. data)   RO Data    RW Data    ZI Data      Debug   Object Name

         0          0          0          0          0       4500   core_cm3.o
       176         10          0          2          0       1140   countsenser.o
        94          0          0          0          0        820   delay.o
       272         16          0          0          0        940   ei.o
       256          8          0          2          0       1281   encoder.o
       168         20          0          6          0       1262   key.o
       164          6          0          0          0       1117   led.o
       900        140          0         40          0     206893   main.o
       220         22          0          0          0       3329   misc.o
       184          4          0          0          0        744   motor.o
      5392         52          0          0       1024      15299   oled.o
         0          0       2381          0          0       1038   oled_data.o
       208          4          0          0          0       1001   pwm.o
       668         40          0          6        101       5333   serial.o
        36          8        236          0       1024        796   startup_stm32f10x_md.o
       284         10          0          0          0       4283   stm32f10x_exti.o
       860         38          0          0          0      13945   stm32f10x_gpio.o
        26          0          0          0          0       1186   stm32f10x_it.o
       932         36          0         20          0      17464   stm32f10x_rcc.o
      3610         88          0          0          0      43040   stm32f10x_tim.o
      1032         22          0          0          0      14348   stm32f10x_usart.o
       480         38          0         20          0      45059   system_stm32f10x.o
       120          0          0          0          0        533   timer.o

    ----------------------------------------------------------------------
     16088        562       2656         96       2156     385351   Object Totals
         0          0         32          0          0          0   (incl. Generated)
         6          0          7          0          7          0   (incl. Padding)

    ----------------------------------------------------------------------

      Code (inc. data)   RO Data    RW Data    ZI Data      Debug   Library Member Name

       544         70        152          0          0        124   atan.o
       384         38          0          0          0        144   atan2.o
        26          6          0          0          0        204   dunder.o
        40          0          0          0          0         68   fpclassify.o
       170          0          0          0          0         96   poly.o
         0          0          8          0          0          0   qnan.o
       148         12          0          0          0         88   round.o
         0          0          0          0          0          0   entry.o
         0          0          0          0          0          0   entry10a.o
         0          0          0          0          0          0   entry11a.o
         8          4          0          0          0          0   entry2.o
         4          0          0          0          0          0   entry5.o
         0          0          0          0          0          0   entry7b.o
         0          0          0          0          0          0   entry8b.o
         8          4          0          0          0          0   entry9a.o
        30          0          0          0          0          0   handlers.o
        36          8          0          0          0         68   init.o
         0          0          0          0          0          0   iusefp.o
        30          0          0          0          0         68   llshl.o
        36          0          0          0          0         68   llsshr.o
        32          0          0          0          0         68   llushr.o
      2304         96          0          0          0        600   printfa.o
         0          0          0          4          0          0   stdout.o
        28          0          0          0          0         76   strcmp.o
        44          0          0          0          0         80   uidiv.o
        98          0          0          0          0         92   uldiv.o
        48          0          0          0          0         68   cdcmple.o
        48          0          0          0          0         68   cdrcmple.o
        20          0          0          0          0         68   cfcmple.o
        20          0          0          0          0         68   cfrcmple.o
        56          0          0          0          0         88   d2f.o
       334          0          0          0          0        148   dadd.o
       222          0          0          0          0        100   ddiv.o
       186          0          0          0          0        176   depilogue.o
        62          0          0          0          0         80   dfixi.o
        50          0          0          0          0         76   dfixui.o
        48          0          0          0          0         68   dfixul.o
        34          0          0          0          0         76   dflti.o
        26          0          0          0          0         76   dfltui.o
       228          0          0          0          0         96   dmul.o
       136          4          0          0          0         92   drnd.o
        46          0          0          0          0         80   dscalb.o
        38          0          0          0          0         68   f2d.o
       176          0          0          0          0        140   fadd.o
       110          0          0          0          0        168   fepilogue.o
        50          0          0          0          0         68   ffixi.o
        18          0          0          0          0         68   fflti.o
       100          0          0          0          0         76   fmul.o

    ----------------------------------------------------------------------
      6032        242        160          4          0       3860   Library Totals
         6          0          0          0          0          0   (incl. Padding)

    ----------------------------------------------------------------------

      Code (inc. data)   RO Data    RW Data    ZI Data      Debug   Library Name

      1312        126        160          0          0        724   m_ws.l
      2658        112          0          4          0       1120   mc_w.l
      2056          4          0          0          0       2016   mf_w.l

    ----------------------------------------------------------------------
      6032        242        160          4          0       3860   Library Totals

    ----------------------------------------------------------------------

==============================================================================


      Code (inc. data)   RO Data    RW Data    ZI Data      Debug   

     22120        804       2816        100       2156     385567   Grand Totals
     22120        804       2816        100       2156     385567   ELF Image Totals
     22120        804       2816        100          0          0   ROM Totals

==============================================================================

    Total RO  Size (Code + RO Data)                24936 (  24.35kB)
    Total RW  Size (RW Data + ZI Data)              2256 (   2.20kB)
    Total ROM Size (Code + RO Data + RW Data)      25036 (  24.45kB)

==============================================================================

